

================================================================
== Vitis HLS Report for 'conv2d_3x3_Pipeline_VITIS_LOOP_132_1'
================================================================
* Date:           Thu Aug 14 13:06:07 2025

* Version:        2023.2 (Build 4023990 on Oct 11 2023)
* Project:        conv2d_3x3
* Solution:       hls (Vivado IP Flow Target)
* Product family: zynquplus
* Target device:  xczu1cg-sbva484-1-e


================================================================
== Performance Estimates
================================================================
+ Timing: 
    * Summary: 
    +--------+----------+----------+------------+
    |  Clock |  Target  | Estimated| Uncertainty|
    +--------+----------+----------+------------+
    |ap_clk  |  10.00 ns|  7.300 ns|     2.70 ns|
    +--------+----------+----------+------------+

+ Latency: 
    * Summary: 
    +---------+---------+----------+----------+--------+--------+---------+
    |  Latency (cycles) |  Latency (absolute) |     Interval    | Pipeline|
    |   min   |   max   |    min   |    max   |   min  |   max  |   Type  |
    +---------+---------+----------+----------+--------+--------+---------+
    |   783363|   783363|  7.834 ms|  7.834 ms|  783363|  783363|       no|
    +---------+---------+----------+----------+--------+--------+---------+

    + Detail: 
        * Instance: 
        N/A

        * Loop: 
        +--------------------+---------+---------+----------+-----------+-----------+--------+----------+
        |                    |  Latency (cycles) | Iteration|  Initiation Interval  |  Trip  |          |
        |      Loop Name     |   min   |   max   |  Latency |  achieved |   target  |  Count | Pipelined|
        +--------------------+---------+---------+----------+-----------+-----------+--------+----------+
        |- VITIS_LOOP_132_1  |   783361|   783361|         7|          5|          1|  156672|       yes|
        +--------------------+---------+---------+----------+-----------+-----------+--------+----------+



================================================================
== Utilization Estimates
================================================================
* Summary: 
+-----------------+---------+-----+-------+-------+-----+
|       Name      | BRAM_18K| DSP |   FF  |  LUT  | URAM|
+-----------------+---------+-----+-------+-------+-----+
|DSP              |        -|    -|      -|      -|    -|
|Expression       |        -|    -|      0|    400|    -|
|FIFO             |        -|    -|      -|      -|    -|
|Instance         |        -|    -|      -|      -|    -|
|Memory           |        -|    -|      -|      -|    -|
|Multiplexer      |        -|    -|      -|    181|    -|
|Register         |        -|    -|    577|      -|    -|
+-----------------+---------+-----+-------+-------+-----+
|Total            |        0|    0|    577|    581|    0|
+-----------------+---------+-----+-------+-------+-----+
|Available        |      216|  216|  74880|  37440|    0|
+-----------------+---------+-----+-------+-------+-----+
|Utilization (%)  |        0|    0|     ~0|      1|    0|
+-----------------+---------+-----+-------+-------+-----+

+ Detail: 
    * Instance: 
    N/A

    * DSP: 
    N/A

    * Memory: 
    N/A

    * FIFO: 
    N/A

    * Expression: 
    +----------------------------------+----------+----+---+----+------------+------------+
    |           Variable Name          | Operation| DSP| FF| LUT| Bitwidth P0| Bitwidth P1|
    +----------------------------------+----------+----+---+----+------------+------------+
    |add_ln132_fu_153_p2               |         +|   0|  0|  27|          20|           3|
    |add_ln145_1_fu_226_p2             |         +|   0|  0|  39|          32|           1|
    |add_ln145_2_fu_265_p2             |         +|   0|  0|  39|          32|           1|
    |add_ln145_3_fu_300_p2             |         +|   0|  0|  39|          32|           1|
    |add_ln145_fu_180_p2               |         +|   0|  0|  39|          32|           1|
    |ap_block_pp0_stage0_01001         |       and|   0|  0|   2|           1|           1|
    |ap_block_pp0_stage2_11001         |       and|   0|  0|   2|           1|           1|
    |ap_block_pp0_stage3_01001         |       and|   0|  0|   2|           1|           1|
    |ap_block_pp0_stage4_01001         |       and|   0|  0|   2|           1|           1|
    |ap_block_state2_pp0_stage1_iter0  |       and|   0|  0|   2|           1|           1|
    |ap_block_state7_pp0_stage1_iter1  |       and|   0|  0|   2|           1|           1|
    |ap_condition_233                  |       and|   0|  0|   2|           1|           1|
    |ap_condition_329                  |       and|   0|  0|   2|           1|           1|
    |ap_condition_331                  |       and|   0|  0|   2|           1|           1|
    |ap_predicate_op37_write_state4    |       and|   0|  0|   2|           1|           1|
    |ap_predicate_op50_write_state5    |       and|   0|  0|   2|           1|           1|
    |ap_predicate_op66_write_state6    |       and|   0|  0|   2|           1|           1|
    |icmp_ln132_fu_147_p2              |      icmp|   0|  0|  27|          20|          20|
    |icmp_ln142_1_fu_220_p2            |      icmp|   0|  0|  39|          32|          20|
    |icmp_ln142_2_fu_259_p2            |      icmp|   0|  0|  39|          32|          20|
    |icmp_ln142_3_fu_294_p2            |      icmp|   0|  0|  39|          32|          20|
    |icmp_ln142_fu_174_p2              |      icmp|   0|  0|  39|          32|          20|
    |ap_block_pp0_stage1_01001         |        or|   0|  0|   2|           1|           1|
    |ap_block_state4_pp0_stage3_iter0  |        or|   0|  0|   2|           1|           1|
    |ap_block_state5_pp0_stage4_iter0  |        or|   0|  0|   2|           1|           1|
    |ap_block_state6_pp0_stage0_iter1  |        or|   0|  0|   2|           1|           1|
    |ap_enable_pp0                     |       xor|   0|  0|   2|           1|           2|
    +----------------------------------+----------+----+---+----+------------+------------+
    |Total                             |          |   0|  0| 400|         313|         125|
    +----------------------------------+----------+----+---+----+------------+------------+

    * Multiplexer: 
    +---------------------------------------+----+-----------+-----+-----------+
    |                  Name                 | LUT| Input Size| Bits| Total Bits|
    +---------------------------------------+----+-----------+-----+-----------+
    |ap_NS_fsm                              |  31|          6|    1|          6|
    |ap_done_int                            |   9|          2|    1|          2|
    |ap_enable_reg_pp0_iter0                |   9|          2|    1|          2|
    |ap_enable_reg_pp0_iter0_reg            |   9|          2|    1|          2|
    |ap_enable_reg_pp0_iter1                |   9|          2|    1|          2|
    |ap_phi_reg_pp0_iter0_empty_29_reg_107  |   9|          2|   32|         64|
    |ap_phi_reg_pp0_iter0_empty_30_reg_98   |   9|          2|   32|         64|
    |ap_phi_reg_pp0_iter1_empty_reg_116     |  14|          3|   32|         96|
    |ap_sig_allocacmp_i_1                   |   9|          2|   20|         40|
    |gmem_blk_n_R                           |   9|          2|    1|          2|
    |i_fu_76                                |   9|          2|   20|         40|
    |input_r_blk_n                          |   9|          2|    1|          2|
    |input_r_din                            |  26|          5|   80|        400|
    |output_cnt                             |  20|          4|   32|        128|
    +---------------------------------------+----+-----------+-----+-----------+
    |Total                                  | 181|         38|  255|        850|
    +---------------------------------------+----+-----------+-----+-----------+

    * Register: 
    +---------------------------------------+----+----+-----+-----------+
    |                  Name                 | FF | LUT| Bits| Const Bits|
    +---------------------------------------+----+----+-----+-----------+
    |ap_CS_fsm                              |   5|   0|    5|          0|
    |ap_done_reg                            |   1|   0|    1|          0|
    |ap_enable_reg_pp0_iter0_reg            |   1|   0|    1|          0|
    |ap_enable_reg_pp0_iter1                |   1|   0|    1|          0|
    |ap_phi_reg_pp0_iter0_empty_29_reg_107  |  32|   0|   32|          0|
    |ap_phi_reg_pp0_iter0_empty_30_reg_98   |  32|   0|   32|          0|
    |ap_phi_reg_pp0_iter1_empty_reg_116     |  32|   0|   32|          0|
    |gmem_addr_read_reg_333                 |  64|   0|   64|          0|
    |i_fu_76                                |  20|   0|   20|          0|
    |icmp_ln132_reg_324                     |   1|   0|    1|          0|
    |icmp_ln142_1_reg_362                   |   1|   0|    1|          0|
    |icmp_ln142_2_reg_386                   |   1|   0|    1|          0|
    |icmp_ln142_3_reg_405                   |   1|   0|    1|          0|
    |icmp_ln142_reg_343                     |   1|   0|    1|          0|
    |output_cnt                             |  32|   0|   32|          0|
    |p_0_reg_400                            |  80|   0|   80|          0|
    |p_1_reg_357                            |  80|   0|   80|          0|
    |p_2_reg_381                            |  80|   0|   80|          0|
    |tmp_2_reg_352                          |  48|   0|   48|          0|
    |tmp_4_reg_376                          |  32|   0|   32|          0|
    |tmp_6_reg_395                          |  16|   0|   16|          0|
    |trunc_ln141_reg_338                    |  16|   0|   16|          0|
    +---------------------------------------+----+----+-----+-----------+
    |Total                                  | 577|   0|  577|          0|
    +---------------------------------------+----+----+-----+-----------+



================================================================
== Interface
================================================================
* Summary: 
+---------------------+-----+-----+------------+--------------------------------------+--------------+
|      RTL Ports      | Dir | Bits|  Protocol  |             Source Object            |    C Type    |
+---------------------+-----+-----+------------+--------------------------------------+--------------+
|ap_clk               |   in|    1|  ap_ctrl_hs|  conv2d_3x3_Pipeline_VITIS_LOOP_132_1|  return value|
|ap_rst               |   in|    1|  ap_ctrl_hs|  conv2d_3x3_Pipeline_VITIS_LOOP_132_1|  return value|
|ap_start             |   in|    1|  ap_ctrl_hs|  conv2d_3x3_Pipeline_VITIS_LOOP_132_1|  return value|
|ap_done              |  out|    1|  ap_ctrl_hs|  conv2d_3x3_Pipeline_VITIS_LOOP_132_1|  return value|
|ap_idle              |  out|    1|  ap_ctrl_hs|  conv2d_3x3_Pipeline_VITIS_LOOP_132_1|  return value|
|ap_ready             |  out|    1|  ap_ctrl_hs|  conv2d_3x3_Pipeline_VITIS_LOOP_132_1|  return value|
|m_axi_gmem_AWVALID   |  out|    1|       m_axi|                                  gmem|       pointer|
|m_axi_gmem_AWREADY   |   in|    1|       m_axi|                                  gmem|       pointer|
|m_axi_gmem_AWADDR    |  out|   64|       m_axi|                                  gmem|       pointer|
|m_axi_gmem_AWID      |  out|    1|       m_axi|                                  gmem|       pointer|
|m_axi_gmem_AWLEN     |  out|   32|       m_axi|                                  gmem|       pointer|
|m_axi_gmem_AWSIZE    |  out|    3|       m_axi|                                  gmem|       pointer|
|m_axi_gmem_AWBURST   |  out|    2|       m_axi|                                  gmem|       pointer|
|m_axi_gmem_AWLOCK    |  out|    2|       m_axi|                                  gmem|       pointer|
|m_axi_gmem_AWCACHE   |  out|    4|       m_axi|                                  gmem|       pointer|
|m_axi_gmem_AWPROT    |  out|    3|       m_axi|                                  gmem|       pointer|
|m_axi_gmem_AWQOS     |  out|    4|       m_axi|                                  gmem|       pointer|
|m_axi_gmem_AWREGION  |  out|    4|       m_axi|                                  gmem|       pointer|
|m_axi_gmem_AWUSER    |  out|    1|       m_axi|                                  gmem|       pointer|
|m_axi_gmem_WVALID    |  out|    1|       m_axi|                                  gmem|       pointer|
|m_axi_gmem_WREADY    |   in|    1|       m_axi|                                  gmem|       pointer|
|m_axi_gmem_WDATA     |  out|   64|       m_axi|                                  gmem|       pointer|
|m_axi_gmem_WSTRB     |  out|    8|       m_axi|                                  gmem|       pointer|
|m_axi_gmem_WLAST     |  out|    1|       m_axi|                                  gmem|       pointer|
|m_axi_gmem_WID       |  out|    1|       m_axi|                                  gmem|       pointer|
|m_axi_gmem_WUSER     |  out|    1|       m_axi|                                  gmem|       pointer|
|m_axi_gmem_ARVALID   |  out|    1|       m_axi|                                  gmem|       pointer|
|m_axi_gmem_ARREADY   |   in|    1|       m_axi|                                  gmem|       pointer|
|m_axi_gmem_ARADDR    |  out|   64|       m_axi|                                  gmem|       pointer|
|m_axi_gmem_ARID      |  out|    1|       m_axi|                                  gmem|       pointer|
|m_axi_gmem_ARLEN     |  out|   32|       m_axi|                                  gmem|       pointer|
|m_axi_gmem_ARSIZE    |  out|    3|       m_axi|                                  gmem|       pointer|
|m_axi_gmem_ARBURST   |  out|    2|       m_axi|                                  gmem|       pointer|
|m_axi_gmem_ARLOCK    |  out|    2|       m_axi|                                  gmem|       pointer|
|m_axi_gmem_ARCACHE   |  out|    4|       m_axi|                                  gmem|       pointer|
|m_axi_gmem_ARPROT    |  out|    3|       m_axi|                                  gmem|       pointer|
|m_axi_gmem_ARQOS     |  out|    4|       m_axi|                                  gmem|       pointer|
|m_axi_gmem_ARREGION  |  out|    4|       m_axi|                                  gmem|       pointer|
|m_axi_gmem_ARUSER    |  out|    1|       m_axi|                                  gmem|       pointer|
|m_axi_gmem_RVALID    |   in|    1|       m_axi|                                  gmem|       pointer|
|m_axi_gmem_RREADY    |  out|    1|       m_axi|                                  gmem|       pointer|
|m_axi_gmem_RDATA     |   in|   64|       m_axi|                                  gmem|       pointer|
|m_axi_gmem_RLAST     |   in|    1|       m_axi|                                  gmem|       pointer|
|m_axi_gmem_RID       |   in|    1|       m_axi|                                  gmem|       pointer|
|m_axi_gmem_RFIFONUM  |   in|    9|       m_axi|                                  gmem|       pointer|
|m_axi_gmem_RUSER     |   in|    1|       m_axi|                                  gmem|       pointer|
|m_axi_gmem_RRESP     |   in|    2|       m_axi|                                  gmem|       pointer|
|m_axi_gmem_BVALID    |   in|    1|       m_axi|                                  gmem|       pointer|
|m_axi_gmem_BREADY    |  out|    1|       m_axi|                                  gmem|       pointer|
|m_axi_gmem_BRESP     |   in|    2|       m_axi|                                  gmem|       pointer|
|m_axi_gmem_BID       |   in|    1|       m_axi|                                  gmem|       pointer|
|m_axi_gmem_BUSER     |   in|    1|       m_axi|                                  gmem|       pointer|
|input_r_din          |  out|   80|     ap_fifo|                               input_r|       pointer|
|input_r_full_n       |   in|    1|     ap_fifo|                               input_r|       pointer|
|input_r_write        |  out|    1|     ap_fifo|                               input_r|       pointer|
|sext_ln132           |   in|   61|     ap_none|                            sext_ln132|        scalar|
+---------------------+-----+-----+------------+--------------------------------------+--------------+

