

================================================================
== Vitis HLS Report for 'conv2d_3x3_Pipeline_VITIS_LOOP_163_2'
================================================================
* Date:           Thu Aug 14 13:06:07 2025

* Version:        2023.2 (Build 4023990 on Oct 11 2023)
* Project:        conv2d_3x3
* Solution:       hls (Vivado IP Flow Target)
* Product family: zynquplus
* Target device:  xczu1cg-sbva484-1-e


================================================================
== Performance Estimates
================================================================
+ Timing: 
    * Summary: 
    +--------+----------+----------+------------+
    |  Clock |  Target  | Estimated| Uncertainty|
    +--------+----------+----------+------------+
    |ap_clk  |  10.00 ns|  5.075 ns|     2.70 ns|
    +--------+----------+----------+------------+

+ Latency: 
    * Summary: 
    +---------+---------+----------+----------+-----+-----+---------+
    |  Latency (cycles) |  Latency (absolute) |  Interval | Pipeline|
    |   min   |   max   |    min   |    max   | min | max |   Type  |
    +---------+---------+----------+----------+-----+-----+---------+
    |        ?|        ?|         ?|         ?|    ?|    ?|       no|
    +---------+---------+----------+----------+-----+-----+---------+

    + Detail: 
        * Instance: 
        N/A

        * Loop: 
        +--------------------+---------+---------+----------+-----------+-----------+------+----------+
        |                    |  Latency (cycles) | Iteration|  Initiation Interval  | Trip |          |
        |      Loop Name     |   min   |   max   |  Latency |  achieved |   target  | Count| Pipelined|
        +--------------------+---------+---------+----------+-----------+-----------+------+----------+
        |- VITIS_LOOP_163_2  |        ?|        ?|         7|          1|          1|     ?|       yes|
        +--------------------+---------+---------+----------+-----------+-----------+------+----------+



================================================================
== Utilization Estimates
================================================================
* Summary: 
+-----------------+---------+-----+-------+-------+-----+
|       Name      | BRAM_18K| DSP |   FF  |  LUT  | URAM|
+-----------------+---------+-----+-------+-------+-----+
|DSP              |        -|    -|      -|      -|    -|
|Expression       |        -|    -|      0|   2775|    -|
|FIFO             |        -|    -|      -|      -|    -|
|Instance         |        -|    -|      -|      -|    -|
|Memory           |        -|    -|      -|      -|    -|
|Multiplexer      |        -|    -|      -|    912|    -|
|Register         |        -|    -|   1643|    288|    -|
+-----------------+---------+-----+-------+-------+-----+
|Total            |        0|    0|   1643|   3975|    0|
+-----------------+---------+-----+-------+-------+-----+
|Available        |      216|  216|  74880|  37440|    0|
+-----------------+---------+-----+-------+-------+-----+
|Utilization (%)  |        0|    0|      2|     10|    0|
+-----------------+---------+-----+-------+-------+-----+

+ Detail: 
    * Instance: 
    N/A

    * DSP: 
    N/A

    * Memory: 
    N/A

    * FIFO: 
    N/A

    * Expression: 
    +----------------------------------+----------+----+---+----+------------+------------+
    |           Variable Name          | Operation| DSP| FF| LUT| Bitwidth P0| Bitwidth P1|
    +----------------------------------+----------+----+---+----+------------+------------+
    |add_ln39_16_fu_4137_p2            |         +|   0|  0|  17|          13|          13|
    |add_ln39_17_fu_3045_p2            |         +|   0|  0|  17|          13|          13|
    |add_ln39_18_fu_3051_p2            |         +|   0|  0|  17|          13|          13|
    |add_ln39_19_fu_3179_p2            |         +|   0|  0|  17|          13|          13|
    |add_ln39_20_fu_3185_p2            |         +|   0|  0|  17|          13|          13|
    |add_ln39_21_fu_3313_p2            |         +|   0|  0|  17|          13|          13|
    |add_ln39_22_fu_3319_p2            |         +|   0|  0|  17|          13|          13|
    |add_ln39_23_fu_3447_p2            |         +|   0|  0|  17|          13|          13|
    |add_ln39_24_fu_3453_p2            |         +|   0|  0|  17|          13|          13|
    |add_ln39_25_fu_3581_p2            |         +|   0|  0|  17|          13|          13|
    |add_ln39_26_fu_3587_p2            |         +|   0|  0|  17|          13|          13|
    |add_ln39_27_fu_3715_p2            |         +|   0|  0|  17|          13|          13|
    |add_ln39_28_fu_3721_p2            |         +|   0|  0|  17|          13|          13|
    |add_ln39_29_fu_3849_p2            |         +|   0|  0|  17|          13|          13|
    |add_ln39_30_fu_3855_p2            |         +|   0|  0|  17|          13|          13|
    |add_ln39_31_fu_3983_p2            |         +|   0|  0|  17|          13|          13|
    |add_ln39_32_fu_3989_p2            |         +|   0|  0|  17|          13|          13|
    |add_ln39_33_fu_2059_p2            |         +|   0|  0|  17|          13|          13|
    |add_ln39_34_fu_2065_p2            |         +|   0|  0|  17|          13|          13|
    |add_ln39_35_fu_2193_p2            |         +|   0|  0|  17|          13|          13|
    |add_ln39_36_fu_2199_p2            |         +|   0|  0|  17|          13|          13|
    |add_ln39_37_fu_2327_p2            |         +|   0|  0|  17|          13|          13|
    |add_ln39_38_fu_2333_p2            |         +|   0|  0|  17|          13|          13|
    |add_ln39_39_fu_2461_p2            |         +|   0|  0|  17|          13|          13|
    |add_ln39_40_fu_2467_p2            |         +|   0|  0|  17|          13|          13|
    |add_ln39_41_fu_2595_p2            |         +|   0|  0|  17|          13|          13|
    |add_ln39_42_fu_2601_p2            |         +|   0|  0|  17|          13|          13|
    |add_ln39_43_fu_2729_p2            |         +|   0|  0|  17|          13|          13|
    |add_ln39_44_fu_2735_p2            |         +|   0|  0|  17|          13|          13|
    |add_ln39_45_fu_2863_p2            |         +|   0|  0|  17|          13|          13|
    |add_ln39_46_fu_2869_p2            |         +|   0|  0|  17|          13|          13|
    |add_ln39_fu_4131_p2               |         +|   0|  0|  17|          13|          13|
    |col_assign_1_fu_1063_p2           |         +|   0|  0|  16|           9|           2|
    |col_assign_2_fu_1140_p2           |         +|   0|  0|  16|           9|           3|
    |col_assign_3_fu_1119_p2           |         +|   0|  0|  16|           9|           2|
    |col_assign_fu_1084_p2             |         +|   0|  0|  16|           9|           3|
    |grp_fu_583_p2                     |         +|   0|  0|  39|          32|           1|
    |sub_ln39_16_fu_4117_p2            |         -|   0|  0|  19|          12|          12|
    |sub_ln39_17_fu_3021_p2            |         -|   0|  0|  18|          11|          11|
    |sub_ln39_18_fu_3031_p2            |         -|   0|  0|  19|          12|          12|
    |sub_ln39_19_fu_3155_p2            |         -|   0|  0|  18|          11|          11|
    |sub_ln39_20_fu_3165_p2            |         -|   0|  0|  19|          12|          12|
    |sub_ln39_21_fu_3289_p2            |         -|   0|  0|  18|          11|          11|
    |sub_ln39_22_fu_3299_p2            |         -|   0|  0|  19|          12|          12|
    |sub_ln39_23_fu_3423_p2            |         -|   0|  0|  18|          11|          11|
    |sub_ln39_24_fu_3433_p2            |         -|   0|  0|  19|          12|          12|
    |sub_ln39_25_fu_3557_p2            |         -|   0|  0|  18|          11|          11|
    |sub_ln39_26_fu_3567_p2            |         -|   0|  0|  19|          12|          12|
    |sub_ln39_27_fu_3691_p2            |         -|   0|  0|  18|          11|          11|
    |sub_ln39_28_fu_3701_p2            |         -|   0|  0|  19|          12|          12|
    |sub_ln39_29_fu_3825_p2            |         -|   0|  0|  18|          11|          11|
    |sub_ln39_30_fu_3835_p2            |         -|   0|  0|  19|          12|          12|
    |sub_ln39_31_fu_3959_p2            |         -|   0|  0|  18|          11|          11|
    |sub_ln39_32_fu_3969_p2            |         -|   0|  0|  19|          12|          12|
    |sub_ln39_33_fu_2035_p2            |         -|   0|  0|  18|          11|          11|
    |sub_ln39_34_fu_2045_p2            |         -|   0|  0|  19|          12|          12|
    |sub_ln39_35_fu_2169_p2            |         -|   0|  0|  18|          11|          11|
    |sub_ln39_36_fu_2179_p2            |         -|   0|  0|  19|          12|          12|
    |sub_ln39_37_fu_2303_p2            |         -|   0|  0|  18|          11|          11|
    |sub_ln39_38_fu_2313_p2            |         -|   0|  0|  19|          12|          12|
    |sub_ln39_39_fu_2437_p2            |         -|   0|  0|  18|          11|          11|
    |sub_ln39_40_fu_2447_p2            |         -|   0|  0|  19|          12|          12|
    |sub_ln39_41_fu_2571_p2            |         -|   0|  0|  18|          11|          11|
    |sub_ln39_42_fu_2581_p2            |         -|   0|  0|  19|          12|          12|
    |sub_ln39_43_fu_2705_p2            |         -|   0|  0|  18|          11|          11|
    |sub_ln39_44_fu_2715_p2            |         -|   0|  0|  19|          12|          12|
    |sub_ln39_45_fu_2839_p2            |         -|   0|  0|  18|          11|          11|
    |sub_ln39_46_fu_2849_p2            |         -|   0|  0|  19|          12|          12|
    |sub_ln39_fu_4107_p2               |         -|   0|  0|  18|          11|          11|
    |tmp163_fu_3003_p2                 |         -|   0|  0|  18|          11|          11|
    |tmp166_fu_3137_p2                 |         -|   0|  0|  18|          11|          11|
    |tmp169_fu_3271_p2                 |         -|   0|  0|  18|          11|          11|
    |tmp172_fu_3405_p2                 |         -|   0|  0|  18|          11|          11|
    |tmp175_fu_3539_p2                 |         -|   0|  0|  18|          11|          11|
    |tmp178_fu_3673_p2                 |         -|   0|  0|  18|          11|          11|
    |tmp181_fu_3807_p2                 |         -|   0|  0|  18|          11|          11|
    |tmp184_fu_3941_p2                 |         -|   0|  0|  18|          11|          11|
    |tmp187_fu_2017_p2                 |         -|   0|  0|  18|          11|          11|
    |tmp190_fu_2151_p2                 |         -|   0|  0|  18|          11|          11|
    |tmp193_fu_2285_p2                 |         -|   0|  0|  18|          11|          11|
    |tmp196_fu_2419_p2                 |         -|   0|  0|  18|          11|          11|
    |tmp199_fu_2553_p2                 |         -|   0|  0|  18|          11|          11|
    |tmp202_fu_2687_p2                 |         -|   0|  0|  18|          11|          11|
    |tmp205_fu_2821_p2                 |         -|   0|  0|  18|          11|          11|
    |tmp_fu_4089_p2                    |         -|   0|  0|  18|          11|          11|
    |and_ln168_fu_1036_p2              |       and|   0|  0|   2|           1|           1|
    |ap_block_state1_pp0_stage0_iter0  |       and|   0|  0|   2|           1|           1|
    |ap_condition_1006                 |       and|   0|  0|   2|           1|           1|
    |ap_condition_1048                 |       and|   0|  0|   2|           1|           1|
    |ap_condition_1063                 |       and|   0|  0|   2|           1|           1|
    |ap_condition_3006                 |       and|   0|  0|   2|           1|           1|
    |ap_condition_3013                 |       and|   0|  0|   2|           1|           1|
    |ap_condition_379                  |       and|   0|  0|   2|           1|           1|
    |ap_condition_380                  |       and|   0|  0|   2|           1|           1|
    |ap_condition_388                  |       and|   0|  0|   2|           1|           1|
    |ap_condition_389                  |       and|   0|  0|   2|           1|           1|
    |ap_condition_415                  |       and|   0|  0|   2|           1|           1|
    |ap_condition_629                  |       and|   0|  0|   2|           1|           1|
    |ap_condition_647                  |       and|   0|  0|   2|           1|           1|
    |ap_condition_648                  |       and|   0|  0|   2|           1|           1|
    |ap_condition_651                  |       and|   0|  0|   2|           1|           1|
    |ap_condition_652                  |       and|   0|  0|   2|           1|           1|
    |ap_condition_656                  |       and|   0|  0|   2|           1|           1|
    |ap_condition_659                  |       and|   0|  0|   2|           1|           1|
    |ap_condition_674                  |       and|   0|  0|   2|           1|           1|
    |ap_condition_677                  |       and|   0|  0|   2|           1|           1|
    |ap_condition_682                  |       and|   0|  0|   2|           1|           1|
    |ap_condition_685                  |       and|   0|  0|   2|           1|           1|
    |ap_condition_689                  |       and|   0|  0|   2|           1|           1|
    |ap_condition_692                  |       and|   0|  0|   2|           1|           1|
    |ap_condition_697                  |       and|   0|  0|   2|           1|           1|
    |ap_condition_700                  |       and|   0|  0|   2|           1|           1|
    |ap_condition_707                  |       and|   0|  0|   2|           1|           1|
    |ap_condition_986                  |       and|   0|  0|   2|           1|           1|
    |ap_condition_995                  |       and|   0|  0|   2|           1|           1|
    |ap_condition_999                  |       and|   0|  0|   2|           1|           1|
    |ap_predicate_op809_write_state7   |       and|   0|  0|   2|           1|           1|
    |ap_predicate_op841_write_state7   |       and|   0|  0|   2|           1|           1|
    |tmp_s_nbreadreq_fu_244_p3         |       and|   0|  0|   2|           1|           0|
    |cmp97_i_fu_1030_p2                |      icmp|   0|  0|  19|          12|           1|
    |grp_fu_573_p2                     |      icmp|   0|  0|  39|          32|           1|
    |grp_fu_578_p2                     |      icmp|   0|  0|  39|          32|           1|
    |icmp_ln185_fu_1050_p2             |      icmp|   0|  0|  39|          32|           9|
    |icmp_ln44_10_fu_3351_p2           |      icmp|   0|  0|  10|           3|           1|
    |icmp_ln44_11_fu_3485_p2           |      icmp|   0|  0|  10|           3|           1|
    |icmp_ln44_12_fu_3619_p2           |      icmp|   0|  0|  10|           3|           1|
    |icmp_ln44_13_fu_3753_p2           |      icmp|   0|  0|  10|           3|           1|
    |icmp_ln44_14_fu_3887_p2           |      icmp|   0|  0|  10|           3|           1|
    |icmp_ln44_15_fu_4021_p2           |      icmp|   0|  0|  10|           3|           1|
    |icmp_ln44_16_fu_2097_p2           |      icmp|   0|  0|  10|           3|           1|
    |icmp_ln44_17_fu_2231_p2           |      icmp|   0|  0|  10|           3|           1|
    |icmp_ln44_18_fu_2365_p2           |      icmp|   0|  0|  10|           3|           1|
    |icmp_ln44_19_fu_2499_p2           |      icmp|   0|  0|  10|           3|           1|
    |icmp_ln44_20_fu_2633_p2           |      icmp|   0|  0|  10|           3|           1|
    |icmp_ln44_21_fu_2767_p2           |      icmp|   0|  0|  10|           3|           1|
    |icmp_ln44_22_fu_2901_p2           |      icmp|   0|  0|  10|           3|           1|
    |icmp_ln44_8_fu_3083_p2            |      icmp|   0|  0|  10|           3|           1|
    |icmp_ln44_9_fu_3217_p2            |      icmp|   0|  0|  10|           3|           1|
    |icmp_ln44_fu_4169_p2              |      icmp|   0|  0|  10|           3|           1|
    |ap_block_pp0_stage0_01001         |        or|   0|  0|   2|           1|           1|
    |ap_block_pp0_stage0_11001         |        or|   0|  0|   2|           1|           1|
    |ap_block_state7_io                |        or|   0|  0|   2|           1|           1|
    |or_ln42_10_fu_3371_p2             |        or|   0|  0|   2|           1|           1|
    |or_ln42_11_fu_3505_p2             |        or|   0|  0|   2|           1|           1|
    |or_ln42_12_fu_3639_p2             |        or|   0|  0|   2|           1|           1|
    |or_ln42_13_fu_3773_p2             |        or|   0|  0|   2|           1|           1|
    |or_ln42_14_fu_3907_p2             |        or|   0|  0|   2|           1|           1|
    |or_ln42_15_fu_4041_p2             |        or|   0|  0|   2|           1|           1|
    |or_ln42_16_fu_2117_p2             |        or|   0|  0|   2|           1|           1|
    |or_ln42_17_fu_2251_p2             |        or|   0|  0|   2|           1|           1|
    |or_ln42_18_fu_2385_p2             |        or|   0|  0|   2|           1|           1|
    |or_ln42_19_fu_2519_p2             |        or|   0|  0|   2|           1|           1|
    |or_ln42_20_fu_2653_p2             |        or|   0|  0|   2|           1|           1|
    |or_ln42_21_fu_2787_p2             |        or|   0|  0|   2|           1|           1|
    |or_ln42_22_fu_2921_p2             |        or|   0|  0|   2|           1|           1|
    |or_ln42_8_fu_3103_p2              |        or|   0|  0|   2|           1|           1|
    |or_ln42_9_fu_3237_p2              |        or|   0|  0|   2|           1|           1|
    |or_ln42_fu_4189_p2                |        or|   0|  0|   2|           1|           1|
    |grp_fu_588_p3                     |    select|   0|  0|  79|           1|          80|
    |grp_fu_607_p3                     |    select|   0|  0|  79|           1|          80|
    |grp_fu_626_p3                     |    select|   0|  0|  79|           1|          80|
    |grp_fu_915_p3                     |    select|   0|  0|  79|           1|          80|
    |select_ln115_10_fu_1579_p3        |    select|   0|  0|   9|           1|          10|
    |select_ln115_11_fu_1586_p3        |    select|   0|  0|   9|           1|          10|
    |select_ln115_12_fu_1593_p3        |    select|   0|  0|   9|           1|          10|
    |select_ln115_13_fu_1600_p3        |    select|   0|  0|   9|           1|          10|
    |select_ln115_14_fu_1607_p3        |    select|   0|  0|   9|           1|          10|
    |select_ln115_15_fu_1614_p3        |    select|   0|  0|   9|           1|          10|
    |select_ln115_16_fu_1621_p3        |    select|   0|  0|   9|           1|          10|
    |select_ln115_17_fu_1628_p3        |    select|   0|  0|   9|           1|          10|
    |select_ln115_9_fu_1572_p3         |    select|   0|  0|   9|           1|          10|
    |select_ln115_fu_2950_p3           |    select|   0|  0|   9|           1|          10|
    |select_ln117_10_fu_1648_p3        |    select|   0|  0|   9|           1|          10|
    |select_ln117_11_fu_1654_p3        |    select|   0|  0|   9|           1|          10|
    |select_ln117_12_fu_1660_p3        |    select|   0|  0|   9|           1|          10|
    |select_ln117_13_fu_1666_p3        |    select|   0|  0|   9|           1|          10|
    |select_ln117_14_fu_1672_p3        |    select|   0|  0|   9|           1|          10|
    |select_ln117_15_fu_1678_p3        |    select|   0|  0|   9|           1|          10|
    |select_ln117_16_fu_1684_p3        |    select|   0|  0|   9|           1|          10|
    |select_ln117_17_fu_1690_p3        |    select|   0|  0|   9|           1|          10|
    |select_ln117_9_fu_1642_p3         |    select|   0|  0|   9|           1|          10|
    |select_ln117_fu_1635_p3           |    select|   0|  0|   9|           1|          10|
    |select_ln42_10_fu_3377_p3         |    select|   0|  0|   9|           1|          10|
    |select_ln42_11_fu_3511_p3         |    select|   0|  0|   9|           1|          10|
    |select_ln42_12_fu_3645_p3         |    select|   0|  0|   9|           1|          10|
    |select_ln42_13_fu_3779_p3         |    select|   0|  0|   9|           1|          10|
    |select_ln42_14_fu_3913_p3         |    select|   0|  0|   9|           1|          10|
    |select_ln42_15_fu_4047_p3         |    select|   0|  0|   9|           1|          10|
    |select_ln42_16_fu_2123_p3         |    select|   0|  0|   9|           1|          10|
    |select_ln42_17_fu_2257_p3         |    select|   0|  0|   9|           1|          10|
    |select_ln42_18_fu_2391_p3         |    select|   0|  0|   9|           1|          10|
    |select_ln42_19_fu_2525_p3         |    select|   0|  0|   9|           1|          10|
    |select_ln42_20_fu_2659_p3         |    select|   0|  0|   9|           1|          10|
    |select_ln42_21_fu_2793_p3         |    select|   0|  0|   9|           1|          10|
    |select_ln42_22_fu_2927_p3         |    select|   0|  0|   9|           1|          10|
    |select_ln42_23_fu_4181_p3         |    select|   0|  0|   2|           1|           2|
    |select_ln42_24_fu_3095_p3         |    select|   0|  0|   2|           1|           2|
    |select_ln42_25_fu_3229_p3         |    select|   0|  0|   2|           1|           2|
    |select_ln42_26_fu_3363_p3         |    select|   0|  0|   2|           1|           2|
    |select_ln42_27_fu_3497_p3         |    select|   0|  0|   2|           1|           2|
    |select_ln42_28_fu_3631_p3         |    select|   0|  0|   2|           1|           2|
    |select_ln42_29_fu_3765_p3         |    select|   0|  0|   2|           1|           2|
    |select_ln42_30_fu_3899_p3         |    select|   0|  0|   2|           1|           2|
    |select_ln42_31_fu_4033_p3         |    select|   0|  0|   2|           1|           2|
    |select_ln42_32_fu_2109_p3         |    select|   0|  0|   2|           1|           2|
    |select_ln42_33_fu_2243_p3         |    select|   0|  0|   2|           1|           2|
    |select_ln42_34_fu_2377_p3         |    select|   0|  0|   2|           1|           2|
    |select_ln42_35_fu_2511_p3         |    select|   0|  0|   2|           1|           2|
    |select_ln42_36_fu_2645_p3         |    select|   0|  0|   2|           1|           2|
    |select_ln42_37_fu_2779_p3         |    select|   0|  0|   2|           1|           2|
    |select_ln42_38_fu_2913_p3         |    select|   0|  0|   2|           1|           2|
    |select_ln42_8_fu_3109_p3          |    select|   0|  0|   9|           1|          10|
    |select_ln42_9_fu_3243_p3          |    select|   0|  0|   9|           1|          10|
    |select_ln42_fu_4195_p3            |    select|   0|  0|   9|           1|          10|
    |select_ln89_1_fu_2943_p3          |    select|   0|  0|   9|           1|          10|
    |select_ln89_2_fu_1552_p3          |    select|   0|  0|   9|           1|          10|
    |select_ln89_3_fu_1565_p3          |    select|   0|  0|   9|           1|          10|
    |select_ln89_4_fu_1145_p3          |    select|   0|  0|   8|           1|           1|
    |select_ln89_5_fu_1962_p3          |    select|   0|  0|   9|           1|          10|
    |select_ln89_6_fu_1271_p3          |    select|   0|  0|   9|           1|          10|
    |select_ln89_fu_1089_p3            |    select|   0|  0|   8|           1|           1|
    |select_ln90_2_fu_1176_p3          |    select|   0|  0|  79|           1|          80|
    |ap_enable_pp0                     |       xor|   0|  0|   2|           1|           2|
    |xor_ln42_10_fu_3357_p2            |       xor|   0|  0|   2|           1|           2|
    |xor_ln42_11_fu_3491_p2            |       xor|   0|  0|   2|           1|           2|
    |xor_ln42_12_fu_3625_p2            |       xor|   0|  0|   2|           1|           2|
    |xor_ln42_13_fu_3759_p2            |       xor|   0|  0|   2|           1|           2|
    |xor_ln42_14_fu_3893_p2            |       xor|   0|  0|   2|           1|           2|
    |xor_ln42_15_fu_4027_p2            |       xor|   0|  0|   2|           1|           2|
    |xor_ln42_16_fu_2103_p2            |       xor|   0|  0|   2|           1|           2|
    |xor_ln42_17_fu_2237_p2            |       xor|   0|  0|   2|           1|           2|
    |xor_ln42_18_fu_2371_p2            |       xor|   0|  0|   2|           1|           2|
    |xor_ln42_19_fu_2505_p2            |       xor|   0|  0|   2|           1|           2|
    |xor_ln42_20_fu_2639_p2            |       xor|   0|  0|   2|           1|           2|
    |xor_ln42_21_fu_2773_p2            |       xor|   0|  0|   2|           1|           2|
    |xor_ln42_22_fu_2907_p2            |       xor|   0|  0|   2|           1|           2|
    |xor_ln42_8_fu_3089_p2             |       xor|   0|  0|   2|           1|           2|
    |xor_ln42_9_fu_3223_p2             |       xor|   0|  0|   2|           1|           2|
    |xor_ln42_fu_4175_p2               |       xor|   0|  0|   2|           1|           2|
    +----------------------------------+----------+----+---+----+------------+------------+
    |Total                             |          |   0|  0|2775|        1318|        1929|
    +----------------------------------+----------+----+---+----+------------+------------+

    * Multiplexer: 
    +----------------------------------+----+-----------+-----+-----------+
    |               Name               | LUT| Input Size| Bits| Total Bits|
    +----------------------------------+----+-----------+-----+-----------+
    |ap_done_int                       |   9|          2|    1|          2|
    |ap_loop_exit_ready_pp0_iter6_reg  |   9|          2|    1|          2|
    |ap_sig_allocacmp_col_3            |   9|          2|   32|         64|
    |ap_sig_allocacmp_col_6            |  14|          3|   32|         96|
    |col_fu_222                        |   9|          2|   32|         64|
    |input_r_blk_n                     |   9|          2|    1|          2|
    |linebuf_0_0_address0              |  26|          5|    8|         40|
    |linebuf_0_0_address1              |  14|          3|    8|         24|
    |linebuf_0_1_address0              |  26|          5|    8|         40|
    |linebuf_0_1_address1              |  14|          3|    8|         24|
    |linebuf_1_0_address0              |  26|          5|    8|         40|
    |linebuf_1_0_address1              |  14|          3|    8|         24|
    |linebuf_1_1_address0              |  26|          5|    8|         40|
    |linebuf_1_1_address1              |  14|          3|    8|         24|
    |linebuf_2_0_address0              |  20|          4|    8|         32|
    |linebuf_2_0_d0                    |  14|          3|   80|        240|
    |linebuf_2_1_address0              |  20|          4|    8|         32|
    |linebuf_2_1_d0                    |  14|          3|   80|        240|
    |output_r_TDATA                    |  14|          3|   80|        240|
    |output_r_TDATA_blk_n              |   9|          2|    1|          2|
    |window_adjust_0_0_0_o             |  14|          3|   10|         30|
    |window_adjust_0_0_1_o             |  14|          3|   10|         30|
    |window_adjust_0_0_2_o             |  14|          3|   10|         30|
    |window_adjust_0_0_3_o             |  14|          3|   10|         30|
    |window_adjust_0_0_4_o             |  14|          3|   10|         30|
    |window_adjust_0_0_5_o             |  14|          3|   10|         30|
    |window_adjust_0_0_6_o             |  14|          3|   10|         30|
    |window_adjust_0_0_7_o             |  14|          3|   10|         30|
    |window_adjust_0_2_0_o             |  14|          3|   10|         30|
    |window_adjust_0_2_1_o             |  14|          3|   10|         30|
    |window_adjust_0_2_2_o             |  14|          3|   10|         30|
    |window_adjust_0_2_3_o             |  14|          3|   10|         30|
    |window_adjust_0_2_4_o             |  14|          3|   10|         30|
    |window_adjust_0_2_5_o             |  14|          3|   10|         30|
    |window_adjust_0_2_6_o             |  14|          3|   10|         30|
    |window_adjust_0_2_7_o             |  14|          3|   10|         30|
    |window_adjust_1_0_0_o             |  14|          3|   10|         30|
    |window_adjust_1_0_1_o             |   9|          2|   10|         20|
    |window_adjust_1_0_2_o             |   9|          2|   10|         20|
    |window_adjust_1_0_3_o             |   9|          2|   10|         20|
    |window_adjust_1_0_4_o             |   9|          2|   10|         20|
    |window_adjust_1_0_5_o             |   9|          2|   10|         20|
    |window_adjust_1_0_6_o             |   9|          2|   10|         20|
    |window_adjust_1_0_7_o             |   9|          2|   10|         20|
    |window_adjust_1_2_0_o             |   9|          2|   10|         20|
    |window_adjust_1_2_1_o             |   9|          2|   10|         20|
    |window_adjust_1_2_2_o             |   9|          2|   10|         20|
    |window_adjust_1_2_3_o             |   9|          2|   10|         20|
    |window_adjust_1_2_4_o             |   9|          2|   10|         20|
    |window_adjust_1_2_5_o             |   9|          2|   10|         20|
    |window_adjust_1_2_6_o             |  14|          3|   10|         30|
    |window_adjust_1_2_7_o             |   9|          2|   10|         20|
    |window_adjust_2_0_0_o             |  14|          3|   10|         30|
    |window_adjust_2_0_1_o             |  14|          3|   10|         30|
    |window_adjust_2_0_2_o             |  14|          3|   10|         30|
    |window_adjust_2_0_3_o             |  14|          3|   10|         30|
    |window_adjust_2_0_4_o             |  14|          3|   10|         30|
    |window_adjust_2_0_5_o             |  14|          3|   10|         30|
    |window_adjust_2_0_6_o             |  14|          3|   10|         30|
    |window_adjust_2_0_7_o             |  14|          3|   10|         30|
    |window_adjust_2_2_0_o             |  14|          3|   10|         30|
    |window_adjust_2_2_1_o             |  14|          3|   10|         30|
    |window_adjust_2_2_2_o             |  14|          3|   10|         30|
    |window_adjust_2_2_3_o             |  14|          3|   10|         30|
    |window_adjust_2_2_4_o             |  14|          3|   10|         30|
    |window_adjust_2_2_5_o             |  14|          3|   10|         30|
    |window_adjust_2_2_6_o             |  14|          3|   10|         30|
    |window_adjust_2_2_7_o             |  14|          3|   10|         30|
    +----------------------------------+----+-----------+-----+-----------+
    |Total                             | 912|        194|  900|       2572|
    +----------------------------------+----+-----------+-----+-----------+

    * Register: 
    +--------------------------------------+----+----+-----+-----------+
    |                 Name                 | FF | LUT| Bits| Const Bits|
    +--------------------------------------+----+----+-----+-----------+
    |and_ln168_reg_4305                    |   1|   0|    1|          0|
    |ap_CS_fsm                             |   1|   0|    1|          0|
    |ap_done_reg                           |   1|   0|    1|          0|
    |ap_enable_reg_pp0_iter1               |   1|   0|    1|          0|
    |ap_enable_reg_pp0_iter2               |   1|   0|    1|          0|
    |ap_enable_reg_pp0_iter3               |   1|   0|    1|          0|
    |ap_enable_reg_pp0_iter4               |   1|   0|    1|          0|
    |ap_enable_reg_pp0_iter5               |   1|   0|    1|          0|
    |ap_enable_reg_pp0_iter6               |   1|   0|    1|          0|
    |ap_loop_exit_ready_pp0_iter1_reg      |   1|   0|    1|          0|
    |ap_loop_exit_ready_pp0_iter2_reg      |   1|   0|    1|          0|
    |ap_loop_exit_ready_pp0_iter3_reg      |   1|   0|    1|          0|
    |ap_loop_exit_ready_pp0_iter4_reg      |   1|   0|    1|          0|
    |ap_loop_exit_ready_pp0_iter5_reg      |   1|   0|    1|          0|
    |ap_loop_exit_ready_pp0_iter6_reg      |   1|   0|    1|          0|
    |cmp4_i21_reg_4270                     |   1|   0|    1|          0|
    |cmp4_i21_reg_4270_pp0_iter1_reg       |   1|   0|    1|          0|
    |cmp4_i_reg_4286                       |   1|   0|    1|          0|
    |cmp97_i_reg_4291                      |   1|   0|    1|          0|
    |col_fu_222                            |  32|   0|   32|          0|
    |icmp_ln63_1_reg_4266                  |   1|   0|    1|          0|
    |icmp_ln63_reg_4282                    |   1|   0|    1|          0|
    |input_read_reg_4275                   |  80|   0|   80|          0|
    |linebuf_0_0_addr_1_reg_4380           |   8|   0|    8|          0|
    |linebuf_0_0_addr_reg_4427             |   8|   0|    8|          0|
    |linebuf_0_1_addr_1_reg_4385           |   8|   0|    8|          0|
    |linebuf_0_1_addr_reg_4432             |   8|   0|    8|          0|
    |linebuf_2_0_load_2_reg_4531           |  80|   0|   80|          0|
    |linebuf_2_0_load_3_reg_4475           |  80|   0|   80|          0|
    |linebuf_2_1_load_2_reg_4536           |  80|   0|   80|          0|
    |linebuf_2_1_load_3_reg_4480           |  80|   0|   80|          0|
    |lshr_ln1_reg_4370                     |   8|   0|    8|          0|
    |lshr_ln89_1_reg_4422                  |   8|   0|    8|          0|
    |lshr_ln_reg_4257                      |   8|   0|    8|          0|
    |p_cast30_reg_4400                     |   8|   0|   64|         56|
    |p_cast_reg_4345                       |   8|   0|   64|         56|
    |p_cast_reg_4345_pp0_iter2_reg         |   8|   0|   64|         56|
    |reg_895                               |  10|   0|   10|          0|
    |reg_895_pp0_iter3_reg                 |  10|   0|   10|          0|
    |reg_899                               |  10|   0|   10|          0|
    |reg_903                               |  80|   0|   80|          0|
    |reg_907                               |  80|   0|   80|          0|
    |reg_911                               |  10|   0|   10|          0|
    |reg_992                               |  10|   0|   10|          0|
    |select_ln117_10_reg_4618              |  10|   0|   10|          0|
    |select_ln117_reg_4613                 |  10|   0|   10|          0|
    |select_ln42_10_reg_4668               |  10|   0|   10|          0|
    |select_ln42_11_reg_4673               |  10|   0|   10|          0|
    |select_ln42_12_reg_4678               |  10|   0|   10|          0|
    |select_ln42_13_reg_4683               |  10|   0|   10|          0|
    |select_ln42_14_reg_4688               |  10|   0|   10|          0|
    |select_ln42_16_reg_4623               |  10|   0|   10|          0|
    |select_ln42_17_reg_4628               |  10|   0|   10|          0|
    |select_ln42_18_reg_4633               |  10|   0|   10|          0|
    |select_ln42_19_reg_4638               |  10|   0|   10|          0|
    |select_ln42_20_reg_4643               |  10|   0|   10|          0|
    |select_ln42_21_reg_4648               |  10|   0|   10|          0|
    |select_ln42_22_reg_4653               |  10|   0|   10|          0|
    |select_ln42_8_reg_4658                |  10|   0|   10|          0|
    |select_ln42_9_reg_4663                |  10|   0|   10|          0|
    |select_ln89_2_reg_4607                |  10|   0|   10|          0|
    |select_ln89_6_reg_4591                |  10|   0|   10|          0|
    |tmp_42_reg_4541                       |  10|   0|   10|          0|
    |tmp_43_reg_4546                       |  10|   0|   10|          0|
    |tmp_44_reg_4551                       |  10|   0|   10|          0|
    |tmp_45_reg_4556                       |  10|   0|   10|          0|
    |tmp_46_reg_4561                       |  10|   0|   10|          0|
    |tmp_47_reg_4566                       |  10|   0|   10|          0|
    |tmp_48_reg_4571                       |  10|   0|   10|          0|
    |tmp_49_reg_4375                       |  10|   0|   10|          0|
    |tmp_s_reg_4262                        |   1|   0|    1|          0|
    |trunc_ln103_4_reg_4576                |  10|   0|   10|          0|
    |trunc_ln164_1_reg_4249                |   9|   0|    9|          0|
    |trunc_ln164_1_reg_4249_pp0_iter1_reg  |   9|   0|    9|          0|
    |trunc_ln164_reg_4240                  |   1|   0|    1|          0|
    |trunc_ln89_7_reg_4416                 |   1|   0|    1|          0|
    |trunc_ln89_reg_4363                   |   1|   0|    1|          0|
    |zext_ln159_reg_4313                   |   8|   0|   64|         56|
    |zext_ln89_1_reg_4495                  |   8|   0|   64|         56|
    |zext_ln89_reg_4457                    |   8|   0|   64|         56|
    |zext_ln89_reg_4457_pp0_iter3_reg      |   8|   0|   64|         56|
    |and_ln168_reg_4305                    |  64|  32|    1|          0|
    |cmp97_i_reg_4291                      |  64|  32|    1|          0|
    |icmp_ln63_1_reg_4266                  |  64|  32|    1|          0|
    |icmp_ln63_reg_4282                    |  64|  32|    1|          0|
    |tmp_49_reg_4375                       |  64|  32|   10|          0|
    |tmp_s_reg_4262                        |  64|  32|    1|          0|
    |trunc_ln164_reg_4240                  |  64|  32|    1|          0|
    |trunc_ln89_7_reg_4416                 |  64|  32|    1|          0|
    |trunc_ln89_reg_4363                   |  64|  32|    1|          0|
    +--------------------------------------+----+----+-----+-----------+
    |Total                                 |1643| 288| 1477|        392|
    +--------------------------------------+----+----+-----+-----------+



================================================================
== Interface
================================================================
* Summary: 
+------------------------------+-----+-----+------------+--------------------------------------+--------------+
|           RTL Ports          | Dir | Bits|  Protocol  |             Source Object            |    C Type    |
+------------------------------+-----+-----+------------+--------------------------------------+--------------+
|ap_clk                        |   in|    1|  ap_ctrl_hs|  conv2d_3x3_Pipeline_VITIS_LOOP_163_2|  return value|
|ap_rst                        |   in|    1|  ap_ctrl_hs|  conv2d_3x3_Pipeline_VITIS_LOOP_163_2|  return value|
|ap_start                      |   in|    1|  ap_ctrl_hs|  conv2d_3x3_Pipeline_VITIS_LOOP_163_2|  return value|
|ap_done                       |  out|    1|  ap_ctrl_hs|  conv2d_3x3_Pipeline_VITIS_LOOP_163_2|  return value|
|ap_idle                       |  out|    1|  ap_ctrl_hs|  conv2d_3x3_Pipeline_VITIS_LOOP_163_2|  return value|
|ap_ready                      |  out|    1|  ap_ctrl_hs|  conv2d_3x3_Pipeline_VITIS_LOOP_163_2|  return value|
|input_r_dout                  |   in|   80|     ap_fifo|                               input_r|       pointer|
|input_r_empty_n               |   in|    1|     ap_fifo|                               input_r|       pointer|
|input_r_read                  |  out|    1|     ap_fifo|                               input_r|       pointer|
|output_r_TREADY               |   in|    1|        axis|                              output_r|       pointer|
|output_r_TDATA                |  out|   80|        axis|                              output_r|       pointer|
|output_r_TVALID               |  out|    1|        axis|                              output_r|       pointer|
|cmp                           |   in|    1|     ap_none|                                   cmp|        scalar|
|row                           |   in|   12|     ap_none|                                   row|        scalar|
|cmp4                          |   in|    1|     ap_none|                                  cmp4|        scalar|
|window_adjust_0_0_0_i         |   in|   10|     ap_ovld|                   window_adjust_0_0_0|       pointer|
|window_adjust_0_0_0_o         |  out|   10|     ap_ovld|                   window_adjust_0_0_0|       pointer|
|window_adjust_0_0_0_o_ap_vld  |  out|    1|     ap_ovld|                   window_adjust_0_0_0|       pointer|
|window_adjust_0_2_0_i         |   in|   10|     ap_ovld|                   window_adjust_0_2_0|       pointer|
|window_adjust_0_2_0_o         |  out|   10|     ap_ovld|                   window_adjust_0_2_0|       pointer|
|window_adjust_0_2_0_o_ap_vld  |  out|    1|     ap_ovld|                   window_adjust_0_2_0|       pointer|
|window_adjust_1_0_0_i         |   in|   10|     ap_ovld|                   window_adjust_1_0_0|       pointer|
|window_adjust_1_0_0_o         |  out|   10|     ap_ovld|                   window_adjust_1_0_0|       pointer|
|window_adjust_1_0_0_o_ap_vld  |  out|    1|     ap_ovld|                   window_adjust_1_0_0|       pointer|
|window_adjust_1_2_0_i         |   in|   10|     ap_ovld|                   window_adjust_1_2_0|       pointer|
|window_adjust_1_2_0_o         |  out|   10|     ap_ovld|                   window_adjust_1_2_0|       pointer|
|window_adjust_1_2_0_o_ap_vld  |  out|    1|     ap_ovld|                   window_adjust_1_2_0|       pointer|
|window_adjust_2_0_0_i         |   in|   10|     ap_ovld|                   window_adjust_2_0_0|       pointer|
|window_adjust_2_0_0_o         |  out|   10|     ap_ovld|                   window_adjust_2_0_0|       pointer|
|window_adjust_2_0_0_o_ap_vld  |  out|    1|     ap_ovld|                   window_adjust_2_0_0|       pointer|
|window_adjust_2_2_0_i         |   in|   10|     ap_ovld|                   window_adjust_2_2_0|       pointer|
|window_adjust_2_2_0_o         |  out|   10|     ap_ovld|                   window_adjust_2_2_0|       pointer|
|window_adjust_2_2_0_o_ap_vld  |  out|    1|     ap_ovld|                   window_adjust_2_2_0|       pointer|
|window_adjust_0_0_1_i         |   in|   10|     ap_ovld|                   window_adjust_0_0_1|       pointer|
|window_adjust_0_0_1_o         |  out|   10|     ap_ovld|                   window_adjust_0_0_1|       pointer|
|window_adjust_0_0_1_o_ap_vld  |  out|    1|     ap_ovld|                   window_adjust_0_0_1|       pointer|
|window_adjust_0_2_1_i         |   in|   10|     ap_ovld|                   window_adjust_0_2_1|       pointer|
|window_adjust_0_2_1_o         |  out|   10|     ap_ovld|                   window_adjust_0_2_1|       pointer|
|window_adjust_0_2_1_o_ap_vld  |  out|    1|     ap_ovld|                   window_adjust_0_2_1|       pointer|
|window_adjust_1_0_1_i         |   in|   10|     ap_ovld|                   window_adjust_1_0_1|       pointer|
|window_adjust_1_0_1_o         |  out|   10|     ap_ovld|                   window_adjust_1_0_1|       pointer|
|window_adjust_1_0_1_o_ap_vld  |  out|    1|     ap_ovld|                   window_adjust_1_0_1|       pointer|
|window_adjust_1_2_1_i         |   in|   10|     ap_ovld|                   window_adjust_1_2_1|       pointer|
|window_adjust_1_2_1_o         |  out|   10|     ap_ovld|                   window_adjust_1_2_1|       pointer|
|window_adjust_1_2_1_o_ap_vld  |  out|    1|     ap_ovld|                   window_adjust_1_2_1|       pointer|
|window_adjust_2_0_1_i         |   in|   10|     ap_ovld|                   window_adjust_2_0_1|       pointer|
|window_adjust_2_0_1_o         |  out|   10|     ap_ovld|                   window_adjust_2_0_1|       pointer|
|window_adjust_2_0_1_o_ap_vld  |  out|    1|     ap_ovld|                   window_adjust_2_0_1|       pointer|
|window_adjust_2_2_1_i         |   in|   10|     ap_ovld|                   window_adjust_2_2_1|       pointer|
|window_adjust_2_2_1_o         |  out|   10|     ap_ovld|                   window_adjust_2_2_1|       pointer|
|window_adjust_2_2_1_o_ap_vld  |  out|    1|     ap_ovld|                   window_adjust_2_2_1|       pointer|
|window_adjust_0_0_2_i         |   in|   10|     ap_ovld|                   window_adjust_0_0_2|       pointer|
|window_adjust_0_0_2_o         |  out|   10|     ap_ovld|                   window_adjust_0_0_2|       pointer|
|window_adjust_0_0_2_o_ap_vld  |  out|    1|     ap_ovld|                   window_adjust_0_0_2|       pointer|
|window_adjust_0_2_2_i         |   in|   10|     ap_ovld|                   window_adjust_0_2_2|       pointer|
|window_adjust_0_2_2_o         |  out|   10|     ap_ovld|                   window_adjust_0_2_2|       pointer|
|window_adjust_0_2_2_o_ap_vld  |  out|    1|     ap_ovld|                   window_adjust_0_2_2|       pointer|
|window_adjust_1_0_2_i         |   in|   10|     ap_ovld|                   window_adjust_1_0_2|       pointer|
|window_adjust_1_0_2_o         |  out|   10|     ap_ovld|                   window_adjust_1_0_2|       pointer|
|window_adjust_1_0_2_o_ap_vld  |  out|    1|     ap_ovld|                   window_adjust_1_0_2|       pointer|
|window_adjust_1_2_2_i         |   in|   10|     ap_ovld|                   window_adjust_1_2_2|       pointer|
|window_adjust_1_2_2_o         |  out|   10|     ap_ovld|                   window_adjust_1_2_2|       pointer|
|window_adjust_1_2_2_o_ap_vld  |  out|    1|     ap_ovld|                   window_adjust_1_2_2|       pointer|
|window_adjust_2_0_2_i         |   in|   10|     ap_ovld|                   window_adjust_2_0_2|       pointer|
|window_adjust_2_0_2_o         |  out|   10|     ap_ovld|                   window_adjust_2_0_2|       pointer|
|window_adjust_2_0_2_o_ap_vld  |  out|    1|     ap_ovld|                   window_adjust_2_0_2|       pointer|
|window_adjust_2_2_2_i         |   in|   10|     ap_ovld|                   window_adjust_2_2_2|       pointer|
|window_adjust_2_2_2_o         |  out|   10|     ap_ovld|                   window_adjust_2_2_2|       pointer|
|window_adjust_2_2_2_o_ap_vld  |  out|    1|     ap_ovld|                   window_adjust_2_2_2|       pointer|
|window_adjust_0_0_3_i         |   in|   10|     ap_ovld|                   window_adjust_0_0_3|       pointer|
|window_adjust_0_0_3_o         |  out|   10|     ap_ovld|                   window_adjust_0_0_3|       pointer|
|window_adjust_0_0_3_o_ap_vld  |  out|    1|     ap_ovld|                   window_adjust_0_0_3|       pointer|
|window_adjust_0_2_3_i         |   in|   10|     ap_ovld|                   window_adjust_0_2_3|       pointer|
|window_adjust_0_2_3_o         |  out|   10|     ap_ovld|                   window_adjust_0_2_3|       pointer|
|window_adjust_0_2_3_o_ap_vld  |  out|    1|     ap_ovld|                   window_adjust_0_2_3|       pointer|
|window_adjust_1_0_3_i         |   in|   10|     ap_ovld|                   window_adjust_1_0_3|       pointer|
|window_adjust_1_0_3_o         |  out|   10|     ap_ovld|                   window_adjust_1_0_3|       pointer|
|window_adjust_1_0_3_o_ap_vld  |  out|    1|     ap_ovld|                   window_adjust_1_0_3|       pointer|
|window_adjust_1_2_3_i         |   in|   10|     ap_ovld|                   window_adjust_1_2_3|       pointer|
|window_adjust_1_2_3_o         |  out|   10|     ap_ovld|                   window_adjust_1_2_3|       pointer|
|window_adjust_1_2_3_o_ap_vld  |  out|    1|     ap_ovld|                   window_adjust_1_2_3|       pointer|
|window_adjust_2_0_3_i         |   in|   10|     ap_ovld|                   window_adjust_2_0_3|       pointer|
|window_adjust_2_0_3_o         |  out|   10|     ap_ovld|                   window_adjust_2_0_3|       pointer|
|window_adjust_2_0_3_o_ap_vld  |  out|    1|     ap_ovld|                   window_adjust_2_0_3|       pointer|
|window_adjust_2_2_3_i         |   in|   10|     ap_ovld|                   window_adjust_2_2_3|       pointer|
|window_adjust_2_2_3_o         |  out|   10|     ap_ovld|                   window_adjust_2_2_3|       pointer|
|window_adjust_2_2_3_o_ap_vld  |  out|    1|     ap_ovld|                   window_adjust_2_2_3|       pointer|
|window_adjust_0_0_4_i         |   in|   10|     ap_ovld|                   window_adjust_0_0_4|       pointer|
|window_adjust_0_0_4_o         |  out|   10|     ap_ovld|                   window_adjust_0_0_4|       pointer|
|window_adjust_0_0_4_o_ap_vld  |  out|    1|     ap_ovld|                   window_adjust_0_0_4|       pointer|
|window_adjust_0_2_4_i         |   in|   10|     ap_ovld|                   window_adjust_0_2_4|       pointer|
|window_adjust_0_2_4_o         |  out|   10|     ap_ovld|                   window_adjust_0_2_4|       pointer|
|window_adjust_0_2_4_o_ap_vld  |  out|    1|     ap_ovld|                   window_adjust_0_2_4|       pointer|
|window_adjust_1_0_4_i         |   in|   10|     ap_ovld|                   window_adjust_1_0_4|       pointer|
|window_adjust_1_0_4_o         |  out|   10|     ap_ovld|                   window_adjust_1_0_4|       pointer|
|window_adjust_1_0_4_o_ap_vld  |  out|    1|     ap_ovld|                   window_adjust_1_0_4|       pointer|
|window_adjust_1_2_4_i         |   in|   10|     ap_ovld|                   window_adjust_1_2_4|       pointer|
|window_adjust_1_2_4_o         |  out|   10|     ap_ovld|                   window_adjust_1_2_4|       pointer|
|window_adjust_1_2_4_o_ap_vld  |  out|    1|     ap_ovld|                   window_adjust_1_2_4|       pointer|
|window_adjust_2_0_4_i         |   in|   10|     ap_ovld|                   window_adjust_2_0_4|       pointer|
|window_adjust_2_0_4_o         |  out|   10|     ap_ovld|                   window_adjust_2_0_4|       pointer|
|window_adjust_2_0_4_o_ap_vld  |  out|    1|     ap_ovld|                   window_adjust_2_0_4|       pointer|
|window_adjust_2_2_4_i         |   in|   10|     ap_ovld|                   window_adjust_2_2_4|       pointer|
|window_adjust_2_2_4_o         |  out|   10|     ap_ovld|                   window_adjust_2_2_4|       pointer|
|window_adjust_2_2_4_o_ap_vld  |  out|    1|     ap_ovld|                   window_adjust_2_2_4|       pointer|
|window_adjust_0_0_5_i         |   in|   10|     ap_ovld|                   window_adjust_0_0_5|       pointer|
|window_adjust_0_0_5_o         |  out|   10|     ap_ovld|                   window_adjust_0_0_5|       pointer|
|window_adjust_0_0_5_o_ap_vld  |  out|    1|     ap_ovld|                   window_adjust_0_0_5|       pointer|
|window_adjust_0_2_5_i         |   in|   10|     ap_ovld|                   window_adjust_0_2_5|       pointer|
|window_adjust_0_2_5_o         |  out|   10|     ap_ovld|                   window_adjust_0_2_5|       pointer|
|window_adjust_0_2_5_o_ap_vld  |  out|    1|     ap_ovld|                   window_adjust_0_2_5|       pointer|
|window_adjust_1_0_5_i         |   in|   10|     ap_ovld|                   window_adjust_1_0_5|       pointer|
|window_adjust_1_0_5_o         |  out|   10|     ap_ovld|                   window_adjust_1_0_5|       pointer|
|window_adjust_1_0_5_o_ap_vld  |  out|    1|     ap_ovld|                   window_adjust_1_0_5|       pointer|
|window_adjust_1_2_5_i         |   in|   10|     ap_ovld|                   window_adjust_1_2_5|       pointer|
|window_adjust_1_2_5_o         |  out|   10|     ap_ovld|                   window_adjust_1_2_5|       pointer|
|window_adjust_1_2_5_o_ap_vld  |  out|    1|     ap_ovld|                   window_adjust_1_2_5|       pointer|
|window_adjust_2_0_5_i         |   in|   10|     ap_ovld|                   window_adjust_2_0_5|       pointer|
|window_adjust_2_0_5_o         |  out|   10|     ap_ovld|                   window_adjust_2_0_5|       pointer|
|window_adjust_2_0_5_o_ap_vld  |  out|    1|     ap_ovld|                   window_adjust_2_0_5|       pointer|
|window_adjust_2_2_5_i         |   in|   10|     ap_ovld|                   window_adjust_2_2_5|       pointer|
|window_adjust_2_2_5_o         |  out|   10|     ap_ovld|                   window_adjust_2_2_5|       pointer|
|window_adjust_2_2_5_o_ap_vld  |  out|    1|     ap_ovld|                   window_adjust_2_2_5|       pointer|
|window_adjust_0_0_6_i         |   in|   10|     ap_ovld|                   window_adjust_0_0_6|       pointer|
|window_adjust_0_0_6_o         |  out|   10|     ap_ovld|                   window_adjust_0_0_6|       pointer|
|window_adjust_0_0_6_o_ap_vld  |  out|    1|     ap_ovld|                   window_adjust_0_0_6|       pointer|
|window_adjust_0_2_6_i         |   in|   10|     ap_ovld|                   window_adjust_0_2_6|       pointer|
|window_adjust_0_2_6_o         |  out|   10|     ap_ovld|                   window_adjust_0_2_6|       pointer|
|window_adjust_0_2_6_o_ap_vld  |  out|    1|     ap_ovld|                   window_adjust_0_2_6|       pointer|
|window_adjust_1_0_6_i         |   in|   10|     ap_ovld|                   window_adjust_1_0_6|       pointer|
|window_adjust_1_0_6_o         |  out|   10|     ap_ovld|                   window_adjust_1_0_6|       pointer|
|window_adjust_1_0_6_o_ap_vld  |  out|    1|     ap_ovld|                   window_adjust_1_0_6|       pointer|
|window_adjust_1_2_6_i         |   in|   10|     ap_ovld|                   window_adjust_1_2_6|       pointer|
|window_adjust_1_2_6_o         |  out|   10|     ap_ovld|                   window_adjust_1_2_6|       pointer|
|window_adjust_1_2_6_o_ap_vld  |  out|    1|     ap_ovld|                   window_adjust_1_2_6|       pointer|
|window_adjust_2_0_6_i         |   in|   10|     ap_ovld|                   window_adjust_2_0_6|       pointer|
|window_adjust_2_0_6_o         |  out|   10|     ap_ovld|                   window_adjust_2_0_6|       pointer|
|window_adjust_2_0_6_o_ap_vld  |  out|    1|     ap_ovld|                   window_adjust_2_0_6|       pointer|
|window_adjust_2_2_6_i         |   in|   10|     ap_ovld|                   window_adjust_2_2_6|       pointer|
|window_adjust_2_2_6_o         |  out|   10|     ap_ovld|                   window_adjust_2_2_6|       pointer|
|window_adjust_2_2_6_o_ap_vld  |  out|    1|     ap_ovld|                   window_adjust_2_2_6|       pointer|
|window_adjust_0_0_7_i         |   in|   10|     ap_ovld|                   window_adjust_0_0_7|       pointer|
|window_adjust_0_0_7_o         |  out|   10|     ap_ovld|                   window_adjust_0_0_7|       pointer|
|window_adjust_0_0_7_o_ap_vld  |  out|    1|     ap_ovld|                   window_adjust_0_0_7|       pointer|
|window_adjust_0_2_7_i         |   in|   10|     ap_ovld|                   window_adjust_0_2_7|       pointer|
|window_adjust_0_2_7_o         |  out|   10|     ap_ovld|                   window_adjust_0_2_7|       pointer|
|window_adjust_0_2_7_o_ap_vld  |  out|    1|     ap_ovld|                   window_adjust_0_2_7|       pointer|
|window_adjust_1_0_7_i         |   in|   10|     ap_ovld|                   window_adjust_1_0_7|       pointer|
|window_adjust_1_0_7_o         |  out|   10|     ap_ovld|                   window_adjust_1_0_7|       pointer|
|window_adjust_1_0_7_o_ap_vld  |  out|    1|     ap_ovld|                   window_adjust_1_0_7|       pointer|
|window_adjust_1_2_7_i         |   in|   10|     ap_ovld|                   window_adjust_1_2_7|       pointer|
|window_adjust_1_2_7_o         |  out|   10|     ap_ovld|                   window_adjust_1_2_7|       pointer|
|window_adjust_1_2_7_o_ap_vld  |  out|    1|     ap_ovld|                   window_adjust_1_2_7|       pointer|
|window_adjust_2_0_7_i         |   in|   10|     ap_ovld|                   window_adjust_2_0_7|       pointer|
|window_adjust_2_0_7_o         |  out|   10|     ap_ovld|                   window_adjust_2_0_7|       pointer|
|window_adjust_2_0_7_o_ap_vld  |  out|    1|     ap_ovld|                   window_adjust_2_0_7|       pointer|
|window_adjust_2_2_7_i         |   in|   10|     ap_ovld|                   window_adjust_2_2_7|       pointer|
|window_adjust_2_2_7_o         |  out|   10|     ap_ovld|                   window_adjust_2_2_7|       pointer|
|window_adjust_2_2_7_o_ap_vld  |  out|    1|     ap_ovld|                   window_adjust_2_2_7|       pointer|
|linebuf_0_0_address0          |  out|    8|   ap_memory|                           linebuf_0_0|         array|
|linebuf_0_0_ce0               |  out|    1|   ap_memory|                           linebuf_0_0|         array|
|linebuf_0_0_we0               |  out|    1|   ap_memory|                           linebuf_0_0|         array|
|linebuf_0_0_d0                |  out|   80|   ap_memory|                           linebuf_0_0|         array|
|linebuf_0_0_q0                |   in|   80|   ap_memory|                           linebuf_0_0|         array|
|linebuf_0_0_address1          |  out|    8|   ap_memory|                           linebuf_0_0|         array|
|linebuf_0_0_ce1               |  out|    1|   ap_memory|                           linebuf_0_0|         array|
|linebuf_0_0_q1                |   in|   80|   ap_memory|                           linebuf_0_0|         array|
|linebuf_1_0_address0          |  out|    8|   ap_memory|                           linebuf_1_0|         array|
|linebuf_1_0_ce0               |  out|    1|   ap_memory|                           linebuf_1_0|         array|
|linebuf_1_0_we0               |  out|    1|   ap_memory|                           linebuf_1_0|         array|
|linebuf_1_0_d0                |  out|   80|   ap_memory|                           linebuf_1_0|         array|
|linebuf_1_0_q0                |   in|   80|   ap_memory|                           linebuf_1_0|         array|
|linebuf_1_0_address1          |  out|    8|   ap_memory|                           linebuf_1_0|         array|
|linebuf_1_0_ce1               |  out|    1|   ap_memory|                           linebuf_1_0|         array|
|linebuf_1_0_q1                |   in|   80|   ap_memory|                           linebuf_1_0|         array|
|linebuf_2_0_address0          |  out|    8|   ap_memory|                           linebuf_2_0|         array|
|linebuf_2_0_ce0               |  out|    1|   ap_memory|                           linebuf_2_0|         array|
|linebuf_2_0_we0               |  out|    1|   ap_memory|                           linebuf_2_0|         array|
|linebuf_2_0_d0                |  out|   80|   ap_memory|                           linebuf_2_0|         array|
|linebuf_2_0_q0                |   in|   80|   ap_memory|                           linebuf_2_0|         array|
|linebuf_2_0_address1          |  out|    8|   ap_memory|                           linebuf_2_0|         array|
|linebuf_2_0_ce1               |  out|    1|   ap_memory|                           linebuf_2_0|         array|
|linebuf_2_0_q1                |   in|   80|   ap_memory|                           linebuf_2_0|         array|
|linebuf_1_1_address0          |  out|    8|   ap_memory|                           linebuf_1_1|         array|
|linebuf_1_1_ce0               |  out|    1|   ap_memory|                           linebuf_1_1|         array|
|linebuf_1_1_we0               |  out|    1|   ap_memory|                           linebuf_1_1|         array|
|linebuf_1_1_d0                |  out|   80|   ap_memory|                           linebuf_1_1|         array|
|linebuf_1_1_q0                |   in|   80|   ap_memory|                           linebuf_1_1|         array|
|linebuf_1_1_address1          |  out|    8|   ap_memory|                           linebuf_1_1|         array|
|linebuf_1_1_ce1               |  out|    1|   ap_memory|                           linebuf_1_1|         array|
|linebuf_1_1_q1                |   in|   80|   ap_memory|                           linebuf_1_1|         array|
|linebuf_2_1_address0          |  out|    8|   ap_memory|                           linebuf_2_1|         array|
|linebuf_2_1_ce0               |  out|    1|   ap_memory|                           linebuf_2_1|         array|
|linebuf_2_1_we0               |  out|    1|   ap_memory|                           linebuf_2_1|         array|
|linebuf_2_1_d0                |  out|   80|   ap_memory|                           linebuf_2_1|         array|
|linebuf_2_1_q0                |   in|   80|   ap_memory|                           linebuf_2_1|         array|
|linebuf_2_1_address1          |  out|    8|   ap_memory|                           linebuf_2_1|         array|
|linebuf_2_1_ce1               |  out|    1|   ap_memory|                           linebuf_2_1|         array|
|linebuf_2_1_q1                |   in|   80|   ap_memory|                           linebuf_2_1|         array|
|linebuf_0_1_address0          |  out|    8|   ap_memory|                           linebuf_0_1|         array|
|linebuf_0_1_ce0               |  out|    1|   ap_memory|                           linebuf_0_1|         array|
|linebuf_0_1_we0               |  out|    1|   ap_memory|                           linebuf_0_1|         array|
|linebuf_0_1_d0                |  out|   80|   ap_memory|                           linebuf_0_1|         array|
|linebuf_0_1_q0                |   in|   80|   ap_memory|                           linebuf_0_1|         array|
|linebuf_0_1_address1          |  out|    8|   ap_memory|                           linebuf_0_1|         array|
|linebuf_0_1_ce1               |  out|    1|   ap_memory|                           linebuf_0_1|         array|
|linebuf_0_1_q1                |   in|   80|   ap_memory|                           linebuf_0_1|         array|
+------------------------------+-----+-----+------------+--------------------------------------+--------------+

