

================================================================
== Vitis HLS Report for 'conv2d_3x3_Pipeline_VITIS_LOOP_182_2'
================================================================
* Date:           Fri Aug 15 09:35:07 2025

* Version:        2023.2 (Build 4023990 on Oct 11 2023)
* Project:        conv2d_3x3
* Solution:       hls (Vivado IP Flow Target)
* Product family: zynquplus
* Target device:  xczu1cg-sbva484-1-e


================================================================
== Performance Estimates
================================================================
+ Timing: 
    * Summary: 
    +--------+----------+----------+------------+
    |  Clock |  Target  | Estimated| Uncertainty|
    +--------+----------+----------+------------+
    |ap_clk  |  10.00 ns|  6.242 ns|     2.70 ns|
    +--------+----------+----------+------------+

+ Latency: 
    * Summary: 
    +---------+---------+----------+----------+-----+-----+---------+
    |  Latency (cycles) |  Latency (absolute) |  Interval | Pipeline|
    |   min   |   max   |    min   |    max   | min | max |   Type  |
    +---------+---------+----------+----------+-----+-----+---------+
    |        ?|        ?|         ?|         ?|    ?|    ?|       no|
    +---------+---------+----------+----------+-----+-----+---------+

    + Detail: 
        * Instance: 
        N/A

        * Loop: 
        +--------------------+---------+---------+----------+-----------+-----------+------+----------+
        |                    |  Latency (cycles) | Iteration|  Initiation Interval  | Trip |          |
        |      Loop Name     |   min   |   max   |  Latency |  achieved |   target  | Count| Pipelined|
        +--------------------+---------+---------+----------+-----------+-----------+------+----------+
        |- VITIS_LOOP_182_2  |        ?|        ?|         7|          1|          1|     ?|       yes|
        +--------------------+---------+---------+----------+-----------+-----------+------+----------+



================================================================
== Utilization Estimates
================================================================
* Summary: 
+-----------------+---------+-----+-------+-------+-----+
|       Name      | BRAM_18K| DSP |   FF  |  LUT  | URAM|
+-----------------+---------+-----+-------+-------+-----+
|DSP              |        -|    -|      -|      -|    -|
|Expression       |        -|    -|      0|   2773|    -|
|FIFO             |        -|    -|      -|      -|    -|
|Instance         |        -|    -|      -|      -|    -|
|Memory           |        -|    -|      -|      -|    -|
|Multiplexer      |        -|    -|      -|    912|    -|
|Register         |        -|    -|   1643|    288|    -|
+-----------------+---------+-----+-------+-------+-----+
|Total            |        0|    0|   1643|   3973|    0|
+-----------------+---------+-----+-------+-------+-----+
|Available        |      216|  216|  74880|  37440|    0|
+-----------------+---------+-----+-------+-------+-----+
|Utilization (%)  |        0|    0|      2|     10|    0|
+-----------------+---------+-----+-------+-------+-----+

+ Detail: 
    * Instance: 
    N/A

    * DSP: 
    N/A

    * Memory: 
    N/A

    * FIFO: 
    N/A

    * Expression: 
    +----------------------------------+----------+----+---+----+------------+------------+
    |           Variable Name          | Operation| DSP| FF| LUT| Bitwidth P0| Bitwidth P1|
    +----------------------------------+----------+----+---+----+------------+------------+
    |add_ln40_16_fu_4133_p2            |         +|   0|  0|  17|          13|          13|
    |add_ln40_17_fu_3041_p2            |         +|   0|  0|  17|          13|          13|
    |add_ln40_18_fu_3047_p2            |         +|   0|  0|  17|          13|          13|
    |add_ln40_19_fu_3175_p2            |         +|   0|  0|  17|          13|          13|
    |add_ln40_20_fu_3181_p2            |         +|   0|  0|  17|          13|          13|
    |add_ln40_21_fu_3309_p2            |         +|   0|  0|  17|          13|          13|
    |add_ln40_22_fu_3315_p2            |         +|   0|  0|  17|          13|          13|
    |add_ln40_23_fu_3443_p2            |         +|   0|  0|  17|          13|          13|
    |add_ln40_24_fu_3449_p2            |         +|   0|  0|  17|          13|          13|
    |add_ln40_25_fu_3577_p2            |         +|   0|  0|  17|          13|          13|
    |add_ln40_26_fu_3583_p2            |         +|   0|  0|  17|          13|          13|
    |add_ln40_27_fu_3711_p2            |         +|   0|  0|  17|          13|          13|
    |add_ln40_28_fu_3717_p2            |         +|   0|  0|  17|          13|          13|
    |add_ln40_29_fu_3845_p2            |         +|   0|  0|  17|          13|          13|
    |add_ln40_30_fu_3851_p2            |         +|   0|  0|  17|          13|          13|
    |add_ln40_31_fu_3979_p2            |         +|   0|  0|  17|          13|          13|
    |add_ln40_32_fu_3985_p2            |         +|   0|  0|  17|          13|          13|
    |add_ln40_33_fu_2055_p2            |         +|   0|  0|  17|          13|          13|
    |add_ln40_34_fu_2061_p2            |         +|   0|  0|  17|          13|          13|
    |add_ln40_35_fu_2189_p2            |         +|   0|  0|  17|          13|          13|
    |add_ln40_36_fu_2195_p2            |         +|   0|  0|  17|          13|          13|
    |add_ln40_37_fu_2323_p2            |         +|   0|  0|  17|          13|          13|
    |add_ln40_38_fu_2329_p2            |         +|   0|  0|  17|          13|          13|
    |add_ln40_39_fu_2457_p2            |         +|   0|  0|  17|          13|          13|
    |add_ln40_40_fu_2463_p2            |         +|   0|  0|  17|          13|          13|
    |add_ln40_41_fu_2591_p2            |         +|   0|  0|  17|          13|          13|
    |add_ln40_42_fu_2597_p2            |         +|   0|  0|  17|          13|          13|
    |add_ln40_43_fu_2725_p2            |         +|   0|  0|  17|          13|          13|
    |add_ln40_44_fu_2731_p2            |         +|   0|  0|  17|          13|          13|
    |add_ln40_45_fu_2859_p2            |         +|   0|  0|  17|          13|          13|
    |add_ln40_46_fu_2865_p2            |         +|   0|  0|  17|          13|          13|
    |add_ln40_fu_4127_p2               |         +|   0|  0|  17|          13|          13|
    |col_assign_1_fu_1059_p2           |         +|   0|  0|  16|           9|           2|
    |col_assign_2_fu_1136_p2           |         +|   0|  0|  16|           9|           3|
    |col_assign_3_fu_1115_p2           |         +|   0|  0|  16|           9|           2|
    |col_assign_fu_1080_p2             |         +|   0|  0|  16|           9|           3|
    |grp_fu_579_p2                     |         +|   0|  0|  39|          32|           1|
    |sub_ln40_16_fu_4113_p2            |         -|   0|  0|  19|          12|          12|
    |sub_ln40_17_fu_3017_p2            |         -|   0|  0|  18|          11|          11|
    |sub_ln40_18_fu_3027_p2            |         -|   0|  0|  19|          12|          12|
    |sub_ln40_19_fu_3151_p2            |         -|   0|  0|  18|          11|          11|
    |sub_ln40_20_fu_3161_p2            |         -|   0|  0|  19|          12|          12|
    |sub_ln40_21_fu_3285_p2            |         -|   0|  0|  18|          11|          11|
    |sub_ln40_22_fu_3295_p2            |         -|   0|  0|  19|          12|          12|
    |sub_ln40_23_fu_3419_p2            |         -|   0|  0|  18|          11|          11|
    |sub_ln40_24_fu_3429_p2            |         -|   0|  0|  19|          12|          12|
    |sub_ln40_25_fu_3553_p2            |         -|   0|  0|  18|          11|          11|
    |sub_ln40_26_fu_3563_p2            |         -|   0|  0|  19|          12|          12|
    |sub_ln40_27_fu_3687_p2            |         -|   0|  0|  18|          11|          11|
    |sub_ln40_28_fu_3697_p2            |         -|   0|  0|  19|          12|          12|
    |sub_ln40_29_fu_3821_p2            |         -|   0|  0|  18|          11|          11|
    |sub_ln40_30_fu_3831_p2            |         -|   0|  0|  19|          12|          12|
    |sub_ln40_31_fu_3955_p2            |         -|   0|  0|  18|          11|          11|
    |sub_ln40_32_fu_3965_p2            |         -|   0|  0|  19|          12|          12|
    |sub_ln40_33_fu_2031_p2            |         -|   0|  0|  18|          11|          11|
    |sub_ln40_34_fu_2041_p2            |         -|   0|  0|  19|          12|          12|
    |sub_ln40_35_fu_2165_p2            |         -|   0|  0|  18|          11|          11|
    |sub_ln40_36_fu_2175_p2            |         -|   0|  0|  19|          12|          12|
    |sub_ln40_37_fu_2299_p2            |         -|   0|  0|  18|          11|          11|
    |sub_ln40_38_fu_2309_p2            |         -|   0|  0|  19|          12|          12|
    |sub_ln40_39_fu_2433_p2            |         -|   0|  0|  18|          11|          11|
    |sub_ln40_40_fu_2443_p2            |         -|   0|  0|  19|          12|          12|
    |sub_ln40_41_fu_2567_p2            |         -|   0|  0|  18|          11|          11|
    |sub_ln40_42_fu_2577_p2            |         -|   0|  0|  19|          12|          12|
    |sub_ln40_43_fu_2701_p2            |         -|   0|  0|  18|          11|          11|
    |sub_ln40_44_fu_2711_p2            |         -|   0|  0|  19|          12|          12|
    |sub_ln40_45_fu_2835_p2            |         -|   0|  0|  18|          11|          11|
    |sub_ln40_46_fu_2845_p2            |         -|   0|  0|  19|          12|          12|
    |sub_ln40_fu_4103_p2               |         -|   0|  0|  18|          11|          11|
    |tmp163_fu_2999_p2                 |         -|   0|  0|  18|          11|          11|
    |tmp166_fu_3133_p2                 |         -|   0|  0|  18|          11|          11|
    |tmp169_fu_3267_p2                 |         -|   0|  0|  18|          11|          11|
    |tmp172_fu_3401_p2                 |         -|   0|  0|  18|          11|          11|
    |tmp175_fu_3535_p2                 |         -|   0|  0|  18|          11|          11|
    |tmp178_fu_3669_p2                 |         -|   0|  0|  18|          11|          11|
    |tmp181_fu_3803_p2                 |         -|   0|  0|  18|          11|          11|
    |tmp184_fu_3937_p2                 |         -|   0|  0|  18|          11|          11|
    |tmp187_fu_2013_p2                 |         -|   0|  0|  18|          11|          11|
    |tmp190_fu_2147_p2                 |         -|   0|  0|  18|          11|          11|
    |tmp193_fu_2281_p2                 |         -|   0|  0|  18|          11|          11|
    |tmp196_fu_2415_p2                 |         -|   0|  0|  18|          11|          11|
    |tmp199_fu_2549_p2                 |         -|   0|  0|  18|          11|          11|
    |tmp202_fu_2683_p2                 |         -|   0|  0|  18|          11|          11|
    |tmp205_fu_2817_p2                 |         -|   0|  0|  18|          11|          11|
    |tmp_fu_4085_p2                    |         -|   0|  0|  18|          11|          11|
    |and_ln187_fu_1032_p2              |       and|   0|  0|   2|           1|           1|
    |ap_block_state1_pp0_stage0_iter0  |       and|   0|  0|   2|           1|           1|
    |ap_condition_1002                 |       and|   0|  0|   2|           1|           1|
    |ap_condition_1044                 |       and|   0|  0|   2|           1|           1|
    |ap_condition_1059                 |       and|   0|  0|   2|           1|           1|
    |ap_condition_3002                 |       and|   0|  0|   2|           1|           1|
    |ap_condition_3009                 |       and|   0|  0|   2|           1|           1|
    |ap_condition_377                  |       and|   0|  0|   2|           1|           1|
    |ap_condition_378                  |       and|   0|  0|   2|           1|           1|
    |ap_condition_386                  |       and|   0|  0|   2|           1|           1|
    |ap_condition_387                  |       and|   0|  0|   2|           1|           1|
    |ap_condition_413                  |       and|   0|  0|   2|           1|           1|
    |ap_condition_627                  |       and|   0|  0|   2|           1|           1|
    |ap_condition_645                  |       and|   0|  0|   2|           1|           1|
    |ap_condition_646                  |       and|   0|  0|   2|           1|           1|
    |ap_condition_649                  |       and|   0|  0|   2|           1|           1|
    |ap_condition_650                  |       and|   0|  0|   2|           1|           1|
    |ap_condition_654                  |       and|   0|  0|   2|           1|           1|
    |ap_condition_657                  |       and|   0|  0|   2|           1|           1|
    |ap_condition_672                  |       and|   0|  0|   2|           1|           1|
    |ap_condition_675                  |       and|   0|  0|   2|           1|           1|
    |ap_condition_680                  |       and|   0|  0|   2|           1|           1|
    |ap_condition_683                  |       and|   0|  0|   2|           1|           1|
    |ap_condition_687                  |       and|   0|  0|   2|           1|           1|
    |ap_condition_690                  |       and|   0|  0|   2|           1|           1|
    |ap_condition_695                  |       and|   0|  0|   2|           1|           1|
    |ap_condition_698                  |       and|   0|  0|   2|           1|           1|
    |ap_condition_705                  |       and|   0|  0|   2|           1|           1|
    |ap_condition_982                  |       and|   0|  0|   2|           1|           1|
    |ap_condition_991                  |       and|   0|  0|   2|           1|           1|
    |ap_condition_995                  |       and|   0|  0|   2|           1|           1|
    |ap_predicate_op809_write_state7   |       and|   0|  0|   2|           1|           1|
    |ap_predicate_op841_write_state7   |       and|   0|  0|   2|           1|           1|
    |tmp_s_nbreadreq_fu_240_p3         |       and|   0|  0|   2|           1|           0|
    |cmp97_i_fu_1026_p2                |      icmp|   0|  0|  19|          12|           1|
    |grp_fu_569_p2                     |      icmp|   0|  0|  39|          32|           1|
    |grp_fu_574_p2                     |      icmp|   0|  0|  39|          32|           1|
    |icmp_ln204_fu_1046_p2             |      icmp|   0|  0|  39|          32|           9|
    |icmp_ln45_10_fu_3347_p2           |      icmp|   0|  0|  10|           3|           1|
    |icmp_ln45_11_fu_3481_p2           |      icmp|   0|  0|  10|           3|           1|
    |icmp_ln45_12_fu_3615_p2           |      icmp|   0|  0|  10|           3|           1|
    |icmp_ln45_13_fu_3749_p2           |      icmp|   0|  0|  10|           3|           1|
    |icmp_ln45_14_fu_3883_p2           |      icmp|   0|  0|  10|           3|           1|
    |icmp_ln45_15_fu_4017_p2           |      icmp|   0|  0|  10|           3|           1|
    |icmp_ln45_16_fu_2093_p2           |      icmp|   0|  0|  10|           3|           1|
    |icmp_ln45_17_fu_2227_p2           |      icmp|   0|  0|  10|           3|           1|
    |icmp_ln45_18_fu_2361_p2           |      icmp|   0|  0|  10|           3|           1|
    |icmp_ln45_19_fu_2495_p2           |      icmp|   0|  0|  10|           3|           1|
    |icmp_ln45_20_fu_2629_p2           |      icmp|   0|  0|  10|           3|           1|
    |icmp_ln45_21_fu_2763_p2           |      icmp|   0|  0|  10|           3|           1|
    |icmp_ln45_22_fu_2897_p2           |      icmp|   0|  0|  10|           3|           1|
    |icmp_ln45_8_fu_3079_p2            |      icmp|   0|  0|  10|           3|           1|
    |icmp_ln45_9_fu_3213_p2            |      icmp|   0|  0|  10|           3|           1|
    |icmp_ln45_fu_4165_p2              |      icmp|   0|  0|  10|           3|           1|
    |ap_block_pp0_stage0_01001         |        or|   0|  0|   2|           1|           1|
    |ap_block_state7_pp0_stage0_iter6  |        or|   0|  0|   2|           1|           1|
    |or_ln43_10_fu_3367_p2             |        or|   0|  0|   2|           1|           1|
    |or_ln43_11_fu_3501_p2             |        or|   0|  0|   2|           1|           1|
    |or_ln43_12_fu_3635_p2             |        or|   0|  0|   2|           1|           1|
    |or_ln43_13_fu_3769_p2             |        or|   0|  0|   2|           1|           1|
    |or_ln43_14_fu_3903_p2             |        or|   0|  0|   2|           1|           1|
    |or_ln43_15_fu_4037_p2             |        or|   0|  0|   2|           1|           1|
    |or_ln43_16_fu_2113_p2             |        or|   0|  0|   2|           1|           1|
    |or_ln43_17_fu_2247_p2             |        or|   0|  0|   2|           1|           1|
    |or_ln43_18_fu_2381_p2             |        or|   0|  0|   2|           1|           1|
    |or_ln43_19_fu_2515_p2             |        or|   0|  0|   2|           1|           1|
    |or_ln43_20_fu_2649_p2             |        or|   0|  0|   2|           1|           1|
    |or_ln43_21_fu_2783_p2             |        or|   0|  0|   2|           1|           1|
    |or_ln43_22_fu_2917_p2             |        or|   0|  0|   2|           1|           1|
    |or_ln43_8_fu_3099_p2              |        or|   0|  0|   2|           1|           1|
    |or_ln43_9_fu_3233_p2              |        or|   0|  0|   2|           1|           1|
    |or_ln43_fu_4185_p2                |        or|   0|  0|   2|           1|           1|
    |grp_fu_584_p3                     |    select|   0|  0|  79|           1|          80|
    |grp_fu_603_p3                     |    select|   0|  0|  79|           1|          80|
    |grp_fu_622_p3                     |    select|   0|  0|  79|           1|          80|
    |grp_fu_911_p3                     |    select|   0|  0|  79|           1|          80|
    |select_ln116_10_fu_1575_p3        |    select|   0|  0|   9|           1|          10|
    |select_ln116_11_fu_1582_p3        |    select|   0|  0|   9|           1|          10|
    |select_ln116_12_fu_1589_p3        |    select|   0|  0|   9|           1|          10|
    |select_ln116_13_fu_1596_p3        |    select|   0|  0|   9|           1|          10|
    |select_ln116_14_fu_1603_p3        |    select|   0|  0|   9|           1|          10|
    |select_ln116_15_fu_1610_p3        |    select|   0|  0|   9|           1|          10|
    |select_ln116_16_fu_1617_p3        |    select|   0|  0|   9|           1|          10|
    |select_ln116_17_fu_1624_p3        |    select|   0|  0|   9|           1|          10|
    |select_ln116_9_fu_1568_p3         |    select|   0|  0|   9|           1|          10|
    |select_ln116_fu_2946_p3           |    select|   0|  0|   9|           1|          10|
    |select_ln118_10_fu_1644_p3        |    select|   0|  0|   9|           1|          10|
    |select_ln118_11_fu_1650_p3        |    select|   0|  0|   9|           1|          10|
    |select_ln118_12_fu_1656_p3        |    select|   0|  0|   9|           1|          10|
    |select_ln118_13_fu_1662_p3        |    select|   0|  0|   9|           1|          10|
    |select_ln118_14_fu_1668_p3        |    select|   0|  0|   9|           1|          10|
    |select_ln118_15_fu_1674_p3        |    select|   0|  0|   9|           1|          10|
    |select_ln118_16_fu_1680_p3        |    select|   0|  0|   9|           1|          10|
    |select_ln118_17_fu_1686_p3        |    select|   0|  0|   9|           1|          10|
    |select_ln118_9_fu_1638_p3         |    select|   0|  0|   9|           1|          10|
    |select_ln118_fu_1631_p3           |    select|   0|  0|   9|           1|          10|
    |select_ln43_10_fu_3373_p3         |    select|   0|  0|   9|           1|          10|
    |select_ln43_11_fu_3507_p3         |    select|   0|  0|   9|           1|          10|
    |select_ln43_12_fu_3641_p3         |    select|   0|  0|   9|           1|          10|
    |select_ln43_13_fu_3775_p3         |    select|   0|  0|   9|           1|          10|
    |select_ln43_14_fu_3909_p3         |    select|   0|  0|   9|           1|          10|
    |select_ln43_15_fu_4043_p3         |    select|   0|  0|   9|           1|          10|
    |select_ln43_16_fu_2119_p3         |    select|   0|  0|   9|           1|          10|
    |select_ln43_17_fu_2253_p3         |    select|   0|  0|   9|           1|          10|
    |select_ln43_18_fu_2387_p3         |    select|   0|  0|   9|           1|          10|
    |select_ln43_19_fu_2521_p3         |    select|   0|  0|   9|           1|          10|
    |select_ln43_20_fu_2655_p3         |    select|   0|  0|   9|           1|          10|
    |select_ln43_21_fu_2789_p3         |    select|   0|  0|   9|           1|          10|
    |select_ln43_22_fu_2923_p3         |    select|   0|  0|   9|           1|          10|
    |select_ln43_23_fu_4177_p3         |    select|   0|  0|   2|           1|           2|
    |select_ln43_24_fu_3091_p3         |    select|   0|  0|   2|           1|           2|
    |select_ln43_25_fu_3225_p3         |    select|   0|  0|   2|           1|           2|
    |select_ln43_26_fu_3359_p3         |    select|   0|  0|   2|           1|           2|
    |select_ln43_27_fu_3493_p3         |    select|   0|  0|   2|           1|           2|
    |select_ln43_28_fu_3627_p3         |    select|   0|  0|   2|           1|           2|
    |select_ln43_29_fu_3761_p3         |    select|   0|  0|   2|           1|           2|
    |select_ln43_30_fu_3895_p3         |    select|   0|  0|   2|           1|           2|
    |select_ln43_31_fu_4029_p3         |    select|   0|  0|   2|           1|           2|
    |select_ln43_32_fu_2105_p3         |    select|   0|  0|   2|           1|           2|
    |select_ln43_33_fu_2239_p3         |    select|   0|  0|   2|           1|           2|
    |select_ln43_34_fu_2373_p3         |    select|   0|  0|   2|           1|           2|
    |select_ln43_35_fu_2507_p3         |    select|   0|  0|   2|           1|           2|
    |select_ln43_36_fu_2641_p3         |    select|   0|  0|   2|           1|           2|
    |select_ln43_37_fu_2775_p3         |    select|   0|  0|   2|           1|           2|
    |select_ln43_38_fu_2909_p3         |    select|   0|  0|   2|           1|           2|
    |select_ln43_8_fu_3105_p3          |    select|   0|  0|   9|           1|          10|
    |select_ln43_9_fu_3239_p3          |    select|   0|  0|   9|           1|          10|
    |select_ln43_fu_4191_p3            |    select|   0|  0|   9|           1|          10|
    |select_ln90_1_fu_2939_p3          |    select|   0|  0|   9|           1|          10|
    |select_ln90_2_fu_1548_p3          |    select|   0|  0|   9|           1|          10|
    |select_ln90_3_fu_1561_p3          |    select|   0|  0|   9|           1|          10|
    |select_ln90_4_fu_1141_p3          |    select|   0|  0|   8|           1|           1|
    |select_ln90_5_fu_1958_p3          |    select|   0|  0|   9|           1|          10|
    |select_ln90_6_fu_1267_p3          |    select|   0|  0|   9|           1|          10|
    |select_ln90_fu_1085_p3            |    select|   0|  0|   8|           1|           1|
    |select_ln91_2_fu_1172_p3          |    select|   0|  0|  79|           1|          80|
    |ap_enable_pp0                     |       xor|   0|  0|   2|           1|           2|
    |xor_ln43_10_fu_3353_p2            |       xor|   0|  0|   2|           1|           2|
    |xor_ln43_11_fu_3487_p2            |       xor|   0|  0|   2|           1|           2|
    |xor_ln43_12_fu_3621_p2            |       xor|   0|  0|   2|           1|           2|
    |xor_ln43_13_fu_3755_p2            |       xor|   0|  0|   2|           1|           2|
    |xor_ln43_14_fu_3889_p2            |       xor|   0|  0|   2|           1|           2|
    |xor_ln43_15_fu_4023_p2            |       xor|   0|  0|   2|           1|           2|
    |xor_ln43_16_fu_2099_p2            |       xor|   0|  0|   2|           1|           2|
    |xor_ln43_17_fu_2233_p2            |       xor|   0|  0|   2|           1|           2|
    |xor_ln43_18_fu_2367_p2            |       xor|   0|  0|   2|           1|           2|
    |xor_ln43_19_fu_2501_p2            |       xor|   0|  0|   2|           1|           2|
    |xor_ln43_20_fu_2635_p2            |       xor|   0|  0|   2|           1|           2|
    |xor_ln43_21_fu_2769_p2            |       xor|   0|  0|   2|           1|           2|
    |xor_ln43_22_fu_2903_p2            |       xor|   0|  0|   2|           1|           2|
    |xor_ln43_8_fu_3085_p2             |       xor|   0|  0|   2|           1|           2|
    |xor_ln43_9_fu_3219_p2             |       xor|   0|  0|   2|           1|           2|
    |xor_ln43_fu_4171_p2               |       xor|   0|  0|   2|           1|           2|
    +----------------------------------+----------+----+---+----+------------+------------+
    |Total                             |          |   0|  0|2773|        1317|        1928|
    +----------------------------------+----------+----+---+----+------------+------------+

    * Multiplexer: 
    +----------------------------------+----+-----------+-----+-----------+
    |               Name               | LUT| Input Size| Bits| Total Bits|
    +----------------------------------+----+-----------+-----+-----------+
    |ap_done_int                       |   9|          2|    1|          2|
    |ap_loop_exit_ready_pp0_iter6_reg  |   9|          2|    1|          2|
    |ap_sig_allocacmp_col_3            |   9|          2|   32|         64|
    |ap_sig_allocacmp_col_6            |  14|          3|   32|         96|
    |col_fu_218                        |   9|          2|   32|         64|
    |input_r_blk_n                     |   9|          2|    1|          2|
    |linebuf_0_0_address0              |  26|          5|    8|         40|
    |linebuf_0_0_address1              |  14|          3|    8|         24|
    |linebuf_0_1_address0              |  26|          5|    8|         40|
    |linebuf_0_1_address1              |  14|          3|    8|         24|
    |linebuf_1_0_address0              |  26|          5|    8|         40|
    |linebuf_1_0_address1              |  14|          3|    8|         24|
    |linebuf_1_1_address0              |  26|          5|    8|         40|
    |linebuf_1_1_address1              |  14|          3|    8|         24|
    |linebuf_2_0_address0              |  20|          4|    8|         32|
    |linebuf_2_0_d0                    |  14|          3|   80|        240|
    |linebuf_2_1_address0              |  20|          4|    8|         32|
    |linebuf_2_1_d0                    |  14|          3|   80|        240|
    |output_r_blk_n                    |   9|          2|    1|          2|
    |output_r_din                      |  14|          3|   80|        240|
    |window_adjust_0_0_0_o             |  14|          3|   10|         30|
    |window_adjust_0_0_1_o             |  14|          3|   10|         30|
    |window_adjust_0_0_2_o             |  14|          3|   10|         30|
    |window_adjust_0_0_3_o             |  14|          3|   10|         30|
    |window_adjust_0_0_4_o             |  14|          3|   10|         30|
    |window_adjust_0_0_5_o             |  14|          3|   10|         30|
    |window_adjust_0_0_6_o             |  14|          3|   10|         30|
    |window_adjust_0_0_7_o             |  14|          3|   10|         30|
    |window_adjust_0_2_0_o             |  14|          3|   10|         30|
    |window_adjust_0_2_1_o             |  14|          3|   10|         30|
    |window_adjust_0_2_2_o             |  14|          3|   10|         30|
    |window_adjust_0_2_3_o             |  14|          3|   10|         30|
    |window_adjust_0_2_4_o             |  14|          3|   10|         30|
    |window_adjust_0_2_5_o             |  14|          3|   10|         30|
    |window_adjust_0_2_6_o             |  14|          3|   10|         30|
    |window_adjust_0_2_7_o             |  14|          3|   10|         30|
    |window_adjust_1_0_0_o             |  14|          3|   10|         30|
    |window_adjust_1_0_1_o             |   9|          2|   10|         20|
    |window_adjust_1_0_2_o             |   9|          2|   10|         20|
    |window_adjust_1_0_3_o             |   9|          2|   10|         20|
    |window_adjust_1_0_4_o             |   9|          2|   10|         20|
    |window_adjust_1_0_5_o             |   9|          2|   10|         20|
    |window_adjust_1_0_6_o             |   9|          2|   10|         20|
    |window_adjust_1_0_7_o             |   9|          2|   10|         20|
    |window_adjust_1_2_0_o             |   9|          2|   10|         20|
    |window_adjust_1_2_1_o             |   9|          2|   10|         20|
    |window_adjust_1_2_2_o             |   9|          2|   10|         20|
    |window_adjust_1_2_3_o             |   9|          2|   10|         20|
    |window_adjust_1_2_4_o             |   9|          2|   10|         20|
    |window_adjust_1_2_5_o             |   9|          2|   10|         20|
    |window_adjust_1_2_6_o             |  14|          3|   10|         30|
    |window_adjust_1_2_7_o             |   9|          2|   10|         20|
    |window_adjust_2_0_0_o             |  14|          3|   10|         30|
    |window_adjust_2_0_1_o             |  14|          3|   10|         30|
    |window_adjust_2_0_2_o             |  14|          3|   10|         30|
    |window_adjust_2_0_3_o             |  14|          3|   10|         30|
    |window_adjust_2_0_4_o             |  14|          3|   10|         30|
    |window_adjust_2_0_5_o             |  14|          3|   10|         30|
    |window_adjust_2_0_6_o             |  14|          3|   10|         30|
    |window_adjust_2_0_7_o             |  14|          3|   10|         30|
    |window_adjust_2_2_0_o             |  14|          3|   10|         30|
    |window_adjust_2_2_1_o             |  14|          3|   10|         30|
    |window_adjust_2_2_2_o             |  14|          3|   10|         30|
    |window_adjust_2_2_3_o             |  14|          3|   10|         30|
    |window_adjust_2_2_4_o             |  14|          3|   10|         30|
    |window_adjust_2_2_5_o             |  14|          3|   10|         30|
    |window_adjust_2_2_6_o             |  14|          3|   10|         30|
    |window_adjust_2_2_7_o             |  14|          3|   10|         30|
    +----------------------------------+----+-----------+-----+-----------+
    |Total                             | 912|        194|  900|       2572|
    +----------------------------------+----+-----------+-----+-----------+

    * Register: 
    +--------------------------------------+----+----+-----+-----------+
    |                 Name                 | FF | LUT| Bits| Const Bits|
    +--------------------------------------+----+----+-----+-----------+
    |and_ln187_reg_4301                    |   1|   0|    1|          0|
    |ap_CS_fsm                             |   1|   0|    1|          0|
    |ap_done_reg                           |   1|   0|    1|          0|
    |ap_enable_reg_pp0_iter1               |   1|   0|    1|          0|
    |ap_enable_reg_pp0_iter2               |   1|   0|    1|          0|
    |ap_enable_reg_pp0_iter3               |   1|   0|    1|          0|
    |ap_enable_reg_pp0_iter4               |   1|   0|    1|          0|
    |ap_enable_reg_pp0_iter5               |   1|   0|    1|          0|
    |ap_enable_reg_pp0_iter6               |   1|   0|    1|          0|
    |ap_loop_exit_ready_pp0_iter1_reg      |   1|   0|    1|          0|
    |ap_loop_exit_ready_pp0_iter2_reg      |   1|   0|    1|          0|
    |ap_loop_exit_ready_pp0_iter3_reg      |   1|   0|    1|          0|
    |ap_loop_exit_ready_pp0_iter4_reg      |   1|   0|    1|          0|
    |ap_loop_exit_ready_pp0_iter5_reg      |   1|   0|    1|          0|
    |ap_loop_exit_ready_pp0_iter6_reg      |   1|   0|    1|          0|
    |cmp4_i11_reg_4282                     |   1|   0|    1|          0|
    |cmp4_i25_reg_4266                     |   1|   0|    1|          0|
    |cmp4_i25_reg_4266_pp0_iter1_reg       |   1|   0|    1|          0|
    |cmp97_i_reg_4287                      |   1|   0|    1|          0|
    |col_fu_218                            |  32|   0|   32|          0|
    |icmp_ln64_1_reg_4262                  |   1|   0|    1|          0|
    |icmp_ln64_reg_4278                    |   1|   0|    1|          0|
    |input_read_reg_4271                   |  80|   0|   80|          0|
    |linebuf_0_0_addr_1_reg_4376           |   8|   0|    8|          0|
    |linebuf_0_0_addr_reg_4423             |   8|   0|    8|          0|
    |linebuf_0_1_addr_1_reg_4381           |   8|   0|    8|          0|
    |linebuf_0_1_addr_reg_4428             |   8|   0|    8|          0|
    |linebuf_2_0_load_2_reg_4527           |  80|   0|   80|          0|
    |linebuf_2_0_load_3_reg_4471           |  80|   0|   80|          0|
    |linebuf_2_1_load_2_reg_4532           |  80|   0|   80|          0|
    |linebuf_2_1_load_3_reg_4476           |  80|   0|   80|          0|
    |lshr_ln1_reg_4366                     |   8|   0|    8|          0|
    |lshr_ln90_1_reg_4418                  |   8|   0|    8|          0|
    |lshr_ln_reg_4253                      |   8|   0|    8|          0|
    |p_cast33_reg_4341                     |   8|   0|   64|         56|
    |p_cast33_reg_4341_pp0_iter2_reg       |   8|   0|   64|         56|
    |p_cast34_reg_4396                     |   8|   0|   64|         56|
    |reg_891                               |  10|   0|   10|          0|
    |reg_891_pp0_iter3_reg                 |  10|   0|   10|          0|
    |reg_895                               |  10|   0|   10|          0|
    |reg_899                               |  80|   0|   80|          0|
    |reg_903                               |  80|   0|   80|          0|
    |reg_907                               |  10|   0|   10|          0|
    |reg_988                               |  10|   0|   10|          0|
    |select_ln118_10_reg_4614              |  10|   0|   10|          0|
    |select_ln118_reg_4609                 |  10|   0|   10|          0|
    |select_ln43_10_reg_4664               |  10|   0|   10|          0|
    |select_ln43_11_reg_4669               |  10|   0|   10|          0|
    |select_ln43_12_reg_4674               |  10|   0|   10|          0|
    |select_ln43_13_reg_4679               |  10|   0|   10|          0|
    |select_ln43_14_reg_4684               |  10|   0|   10|          0|
    |select_ln43_16_reg_4619               |  10|   0|   10|          0|
    |select_ln43_17_reg_4624               |  10|   0|   10|          0|
    |select_ln43_18_reg_4629               |  10|   0|   10|          0|
    |select_ln43_19_reg_4634               |  10|   0|   10|          0|
    |select_ln43_20_reg_4639               |  10|   0|   10|          0|
    |select_ln43_21_reg_4644               |  10|   0|   10|          0|
    |select_ln43_22_reg_4649               |  10|   0|   10|          0|
    |select_ln43_8_reg_4654                |  10|   0|   10|          0|
    |select_ln43_9_reg_4659                |  10|   0|   10|          0|
    |select_ln90_2_reg_4603                |  10|   0|   10|          0|
    |select_ln90_6_reg_4587                |  10|   0|   10|          0|
    |tmp_40_reg_4537                       |  10|   0|   10|          0|
    |tmp_41_reg_4542                       |  10|   0|   10|          0|
    |tmp_42_reg_4547                       |  10|   0|   10|          0|
    |tmp_43_reg_4552                       |  10|   0|   10|          0|
    |tmp_44_reg_4557                       |  10|   0|   10|          0|
    |tmp_45_reg_4562                       |  10|   0|   10|          0|
    |tmp_46_reg_4567                       |  10|   0|   10|          0|
    |tmp_47_reg_4371                       |  10|   0|   10|          0|
    |tmp_s_reg_4258                        |   1|   0|    1|          0|
    |trunc_ln104_4_reg_4572                |  10|   0|   10|          0|
    |trunc_ln183_1_reg_4245                |   9|   0|    9|          0|
    |trunc_ln183_1_reg_4245_pp0_iter1_reg  |   9|   0|    9|          0|
    |trunc_ln183_reg_4236                  |   1|   0|    1|          0|
    |trunc_ln90_7_reg_4412                 |   1|   0|    1|          0|
    |trunc_ln90_reg_4359                   |   1|   0|    1|          0|
    |zext_ln178_reg_4309                   |   8|   0|   64|         56|
    |zext_ln90_1_reg_4491                  |   8|   0|   64|         56|
    |zext_ln90_reg_4453                    |   8|   0|   64|         56|
    |zext_ln90_reg_4453_pp0_iter3_reg      |   8|   0|   64|         56|
    |and_ln187_reg_4301                    |  64|  32|    1|          0|
    |cmp97_i_reg_4287                      |  64|  32|    1|          0|
    |icmp_ln64_1_reg_4262                  |  64|  32|    1|          0|
    |icmp_ln64_reg_4278                    |  64|  32|    1|          0|
    |tmp_47_reg_4371                       |  64|  32|   10|          0|
    |tmp_s_reg_4258                        |  64|  32|    1|          0|
    |trunc_ln183_reg_4236                  |  64|  32|    1|          0|
    |trunc_ln90_7_reg_4412                 |  64|  32|    1|          0|
    |trunc_ln90_reg_4359                   |  64|  32|    1|          0|
    +--------------------------------------+----+----+-----+-----------+
    |Total                                 |1643| 288| 1477|        392|
    +--------------------------------------+----+----+-----+-----------+



================================================================
== Interface
================================================================
* Summary: 
+------------------------------+-----+-----+------------+--------------------------------------+--------------+
|           RTL Ports          | Dir | Bits|  Protocol  |             Source Object            |    C Type    |
+------------------------------+-----+-----+------------+--------------------------------------+--------------+
|ap_clk                        |   in|    1|  ap_ctrl_hs|  conv2d_3x3_Pipeline_VITIS_LOOP_182_2|  return value|
|ap_rst                        |   in|    1|  ap_ctrl_hs|  conv2d_3x3_Pipeline_VITIS_LOOP_182_2|  return value|
|ap_start                      |   in|    1|  ap_ctrl_hs|  conv2d_3x3_Pipeline_VITIS_LOOP_182_2|  return value|
|ap_done                       |  out|    1|  ap_ctrl_hs|  conv2d_3x3_Pipeline_VITIS_LOOP_182_2|  return value|
|ap_idle                       |  out|    1|  ap_ctrl_hs|  conv2d_3x3_Pipeline_VITIS_LOOP_182_2|  return value|
|ap_ready                      |  out|    1|  ap_ctrl_hs|  conv2d_3x3_Pipeline_VITIS_LOOP_182_2|  return value|
|input_r_dout                  |   in|   80|     ap_fifo|                               input_r|       pointer|
|input_r_empty_n               |   in|    1|     ap_fifo|                               input_r|       pointer|
|input_r_read                  |  out|    1|     ap_fifo|                               input_r|       pointer|
|output_r_din                  |  out|   80|     ap_fifo|                              output_r|       pointer|
|output_r_full_n               |   in|    1|     ap_fifo|                              output_r|       pointer|
|output_r_write                |  out|    1|     ap_fifo|                              output_r|       pointer|
|cmp_i3                        |   in|    1|     ap_none|                                cmp_i3|        scalar|
|row                           |   in|   12|     ap_none|                                   row|        scalar|
|cmp4_i                        |   in|    1|     ap_none|                                cmp4_i|        scalar|
|window_adjust_0_0_0_i         |   in|   10|     ap_ovld|                   window_adjust_0_0_0|       pointer|
|window_adjust_0_0_0_o         |  out|   10|     ap_ovld|                   window_adjust_0_0_0|       pointer|
|window_adjust_0_0_0_o_ap_vld  |  out|    1|     ap_ovld|                   window_adjust_0_0_0|       pointer|
|window_adjust_0_2_0_i         |   in|   10|     ap_ovld|                   window_adjust_0_2_0|       pointer|
|window_adjust_0_2_0_o         |  out|   10|     ap_ovld|                   window_adjust_0_2_0|       pointer|
|window_adjust_0_2_0_o_ap_vld  |  out|    1|     ap_ovld|                   window_adjust_0_2_0|       pointer|
|window_adjust_1_0_0_i         |   in|   10|     ap_ovld|                   window_adjust_1_0_0|       pointer|
|window_adjust_1_0_0_o         |  out|   10|     ap_ovld|                   window_adjust_1_0_0|       pointer|
|window_adjust_1_0_0_o_ap_vld  |  out|    1|     ap_ovld|                   window_adjust_1_0_0|       pointer|
|window_adjust_1_2_0_i         |   in|   10|     ap_ovld|                   window_adjust_1_2_0|       pointer|
|window_adjust_1_2_0_o         |  out|   10|     ap_ovld|                   window_adjust_1_2_0|       pointer|
|window_adjust_1_2_0_o_ap_vld  |  out|    1|     ap_ovld|                   window_adjust_1_2_0|       pointer|
|window_adjust_2_0_0_i         |   in|   10|     ap_ovld|                   window_adjust_2_0_0|       pointer|
|window_adjust_2_0_0_o         |  out|   10|     ap_ovld|                   window_adjust_2_0_0|       pointer|
|window_adjust_2_0_0_o_ap_vld  |  out|    1|     ap_ovld|                   window_adjust_2_0_0|       pointer|
|window_adjust_2_2_0_i         |   in|   10|     ap_ovld|                   window_adjust_2_2_0|       pointer|
|window_adjust_2_2_0_o         |  out|   10|     ap_ovld|                   window_adjust_2_2_0|       pointer|
|window_adjust_2_2_0_o_ap_vld  |  out|    1|     ap_ovld|                   window_adjust_2_2_0|       pointer|
|window_adjust_0_0_1_i         |   in|   10|     ap_ovld|                   window_adjust_0_0_1|       pointer|
|window_adjust_0_0_1_o         |  out|   10|     ap_ovld|                   window_adjust_0_0_1|       pointer|
|window_adjust_0_0_1_o_ap_vld  |  out|    1|     ap_ovld|                   window_adjust_0_0_1|       pointer|
|window_adjust_0_2_1_i         |   in|   10|     ap_ovld|                   window_adjust_0_2_1|       pointer|
|window_adjust_0_2_1_o         |  out|   10|     ap_ovld|                   window_adjust_0_2_1|       pointer|
|window_adjust_0_2_1_o_ap_vld  |  out|    1|     ap_ovld|                   window_adjust_0_2_1|       pointer|
|window_adjust_1_0_1_i         |   in|   10|     ap_ovld|                   window_adjust_1_0_1|       pointer|
|window_adjust_1_0_1_o         |  out|   10|     ap_ovld|                   window_adjust_1_0_1|       pointer|
|window_adjust_1_0_1_o_ap_vld  |  out|    1|     ap_ovld|                   window_adjust_1_0_1|       pointer|
|window_adjust_1_2_1_i         |   in|   10|     ap_ovld|                   window_adjust_1_2_1|       pointer|
|window_adjust_1_2_1_o         |  out|   10|     ap_ovld|                   window_adjust_1_2_1|       pointer|
|window_adjust_1_2_1_o_ap_vld  |  out|    1|     ap_ovld|                   window_adjust_1_2_1|       pointer|
|window_adjust_2_0_1_i         |   in|   10|     ap_ovld|                   window_adjust_2_0_1|       pointer|
|window_adjust_2_0_1_o         |  out|   10|     ap_ovld|                   window_adjust_2_0_1|       pointer|
|window_adjust_2_0_1_o_ap_vld  |  out|    1|     ap_ovld|                   window_adjust_2_0_1|       pointer|
|window_adjust_2_2_1_i         |   in|   10|     ap_ovld|                   window_adjust_2_2_1|       pointer|
|window_adjust_2_2_1_o         |  out|   10|     ap_ovld|                   window_adjust_2_2_1|       pointer|
|window_adjust_2_2_1_o_ap_vld  |  out|    1|     ap_ovld|                   window_adjust_2_2_1|       pointer|
|window_adjust_0_0_2_i         |   in|   10|     ap_ovld|                   window_adjust_0_0_2|       pointer|
|window_adjust_0_0_2_o         |  out|   10|     ap_ovld|                   window_adjust_0_0_2|       pointer|
|window_adjust_0_0_2_o_ap_vld  |  out|    1|     ap_ovld|                   window_adjust_0_0_2|       pointer|
|window_adjust_0_2_2_i         |   in|   10|     ap_ovld|                   window_adjust_0_2_2|       pointer|
|window_adjust_0_2_2_o         |  out|   10|     ap_ovld|                   window_adjust_0_2_2|       pointer|
|window_adjust_0_2_2_o_ap_vld  |  out|    1|     ap_ovld|                   window_adjust_0_2_2|       pointer|
|window_adjust_1_0_2_i         |   in|   10|     ap_ovld|                   window_adjust_1_0_2|       pointer|
|window_adjust_1_0_2_o         |  out|   10|     ap_ovld|                   window_adjust_1_0_2|       pointer|
|window_adjust_1_0_2_o_ap_vld  |  out|    1|     ap_ovld|                   window_adjust_1_0_2|       pointer|
|window_adjust_1_2_2_i         |   in|   10|     ap_ovld|                   window_adjust_1_2_2|       pointer|
|window_adjust_1_2_2_o         |  out|   10|     ap_ovld|                   window_adjust_1_2_2|       pointer|
|window_adjust_1_2_2_o_ap_vld  |  out|    1|     ap_ovld|                   window_adjust_1_2_2|       pointer|
|window_adjust_2_0_2_i         |   in|   10|     ap_ovld|                   window_adjust_2_0_2|       pointer|
|window_adjust_2_0_2_o         |  out|   10|     ap_ovld|                   window_adjust_2_0_2|       pointer|
|window_adjust_2_0_2_o_ap_vld  |  out|    1|     ap_ovld|                   window_adjust_2_0_2|       pointer|
|window_adjust_2_2_2_i         |   in|   10|     ap_ovld|                   window_adjust_2_2_2|       pointer|
|window_adjust_2_2_2_o         |  out|   10|     ap_ovld|                   window_adjust_2_2_2|       pointer|
|window_adjust_2_2_2_o_ap_vld  |  out|    1|     ap_ovld|                   window_adjust_2_2_2|       pointer|
|window_adjust_0_0_3_i         |   in|   10|     ap_ovld|                   window_adjust_0_0_3|       pointer|
|window_adjust_0_0_3_o         |  out|   10|     ap_ovld|                   window_adjust_0_0_3|       pointer|
|window_adjust_0_0_3_o_ap_vld  |  out|    1|     ap_ovld|                   window_adjust_0_0_3|       pointer|
|window_adjust_0_2_3_i         |   in|   10|     ap_ovld|                   window_adjust_0_2_3|       pointer|
|window_adjust_0_2_3_o         |  out|   10|     ap_ovld|                   window_adjust_0_2_3|       pointer|
|window_adjust_0_2_3_o_ap_vld  |  out|    1|     ap_ovld|                   window_adjust_0_2_3|       pointer|
|window_adjust_1_0_3_i         |   in|   10|     ap_ovld|                   window_adjust_1_0_3|       pointer|
|window_adjust_1_0_3_o         |  out|   10|     ap_ovld|                   window_adjust_1_0_3|       pointer|
|window_adjust_1_0_3_o_ap_vld  |  out|    1|     ap_ovld|                   window_adjust_1_0_3|       pointer|
|window_adjust_1_2_3_i         |   in|   10|     ap_ovld|                   window_adjust_1_2_3|       pointer|
|window_adjust_1_2_3_o         |  out|   10|     ap_ovld|                   window_adjust_1_2_3|       pointer|
|window_adjust_1_2_3_o_ap_vld  |  out|    1|     ap_ovld|                   window_adjust_1_2_3|       pointer|
|window_adjust_2_0_3_i         |   in|   10|     ap_ovld|                   window_adjust_2_0_3|       pointer|
|window_adjust_2_0_3_o         |  out|   10|     ap_ovld|                   window_adjust_2_0_3|       pointer|
|window_adjust_2_0_3_o_ap_vld  |  out|    1|     ap_ovld|                   window_adjust_2_0_3|       pointer|
|window_adjust_2_2_3_i         |   in|   10|     ap_ovld|                   window_adjust_2_2_3|       pointer|
|window_adjust_2_2_3_o         |  out|   10|     ap_ovld|                   window_adjust_2_2_3|       pointer|
|window_adjust_2_2_3_o_ap_vld  |  out|    1|     ap_ovld|                   window_adjust_2_2_3|       pointer|
|window_adjust_0_0_4_i         |   in|   10|     ap_ovld|                   window_adjust_0_0_4|       pointer|
|window_adjust_0_0_4_o         |  out|   10|     ap_ovld|                   window_adjust_0_0_4|       pointer|
|window_adjust_0_0_4_o_ap_vld  |  out|    1|     ap_ovld|                   window_adjust_0_0_4|       pointer|
|window_adjust_0_2_4_i         |   in|   10|     ap_ovld|                   window_adjust_0_2_4|       pointer|
|window_adjust_0_2_4_o         |  out|   10|     ap_ovld|                   window_adjust_0_2_4|       pointer|
|window_adjust_0_2_4_o_ap_vld  |  out|    1|     ap_ovld|                   window_adjust_0_2_4|       pointer|
|window_adjust_1_0_4_i         |   in|   10|     ap_ovld|                   window_adjust_1_0_4|       pointer|
|window_adjust_1_0_4_o         |  out|   10|     ap_ovld|                   window_adjust_1_0_4|       pointer|
|window_adjust_1_0_4_o_ap_vld  |  out|    1|     ap_ovld|                   window_adjust_1_0_4|       pointer|
|window_adjust_1_2_4_i         |   in|   10|     ap_ovld|                   window_adjust_1_2_4|       pointer|
|window_adjust_1_2_4_o         |  out|   10|     ap_ovld|                   window_adjust_1_2_4|       pointer|
|window_adjust_1_2_4_o_ap_vld  |  out|    1|     ap_ovld|                   window_adjust_1_2_4|       pointer|
|window_adjust_2_0_4_i         |   in|   10|     ap_ovld|                   window_adjust_2_0_4|       pointer|
|window_adjust_2_0_4_o         |  out|   10|     ap_ovld|                   window_adjust_2_0_4|       pointer|
|window_adjust_2_0_4_o_ap_vld  |  out|    1|     ap_ovld|                   window_adjust_2_0_4|       pointer|
|window_adjust_2_2_4_i         |   in|   10|     ap_ovld|                   window_adjust_2_2_4|       pointer|
|window_adjust_2_2_4_o         |  out|   10|     ap_ovld|                   window_adjust_2_2_4|       pointer|
|window_adjust_2_2_4_o_ap_vld  |  out|    1|     ap_ovld|                   window_adjust_2_2_4|       pointer|
|window_adjust_0_0_5_i         |   in|   10|     ap_ovld|                   window_adjust_0_0_5|       pointer|
|window_adjust_0_0_5_o         |  out|   10|     ap_ovld|                   window_adjust_0_0_5|       pointer|
|window_adjust_0_0_5_o_ap_vld  |  out|    1|     ap_ovld|                   window_adjust_0_0_5|       pointer|
|window_adjust_0_2_5_i         |   in|   10|     ap_ovld|                   window_adjust_0_2_5|       pointer|
|window_adjust_0_2_5_o         |  out|   10|     ap_ovld|                   window_adjust_0_2_5|       pointer|
|window_adjust_0_2_5_o_ap_vld  |  out|    1|     ap_ovld|                   window_adjust_0_2_5|       pointer|
|window_adjust_1_0_5_i         |   in|   10|     ap_ovld|                   window_adjust_1_0_5|       pointer|
|window_adjust_1_0_5_o         |  out|   10|     ap_ovld|                   window_adjust_1_0_5|       pointer|
|window_adjust_1_0_5_o_ap_vld  |  out|    1|     ap_ovld|                   window_adjust_1_0_5|       pointer|
|window_adjust_1_2_5_i         |   in|   10|     ap_ovld|                   window_adjust_1_2_5|       pointer|
|window_adjust_1_2_5_o         |  out|   10|     ap_ovld|                   window_adjust_1_2_5|       pointer|
|window_adjust_1_2_5_o_ap_vld  |  out|    1|     ap_ovld|                   window_adjust_1_2_5|       pointer|
|window_adjust_2_0_5_i         |   in|   10|     ap_ovld|                   window_adjust_2_0_5|       pointer|
|window_adjust_2_0_5_o         |  out|   10|     ap_ovld|                   window_adjust_2_0_5|       pointer|
|window_adjust_2_0_5_o_ap_vld  |  out|    1|     ap_ovld|                   window_adjust_2_0_5|       pointer|
|window_adjust_2_2_5_i         |   in|   10|     ap_ovld|                   window_adjust_2_2_5|       pointer|
|window_adjust_2_2_5_o         |  out|   10|     ap_ovld|                   window_adjust_2_2_5|       pointer|
|window_adjust_2_2_5_o_ap_vld  |  out|    1|     ap_ovld|                   window_adjust_2_2_5|       pointer|
|window_adjust_0_0_6_i         |   in|   10|     ap_ovld|                   window_adjust_0_0_6|       pointer|
|window_adjust_0_0_6_o         |  out|   10|     ap_ovld|                   window_adjust_0_0_6|       pointer|
|window_adjust_0_0_6_o_ap_vld  |  out|    1|     ap_ovld|                   window_adjust_0_0_6|       pointer|
|window_adjust_0_2_6_i         |   in|   10|     ap_ovld|                   window_adjust_0_2_6|       pointer|
|window_adjust_0_2_6_o         |  out|   10|     ap_ovld|                   window_adjust_0_2_6|       pointer|
|window_adjust_0_2_6_o_ap_vld  |  out|    1|     ap_ovld|                   window_adjust_0_2_6|       pointer|
|window_adjust_1_0_6_i         |   in|   10|     ap_ovld|                   window_adjust_1_0_6|       pointer|
|window_adjust_1_0_6_o         |  out|   10|     ap_ovld|                   window_adjust_1_0_6|       pointer|
|window_adjust_1_0_6_o_ap_vld  |  out|    1|     ap_ovld|                   window_adjust_1_0_6|       pointer|
|window_adjust_1_2_6_i         |   in|   10|     ap_ovld|                   window_adjust_1_2_6|       pointer|
|window_adjust_1_2_6_o         |  out|   10|     ap_ovld|                   window_adjust_1_2_6|       pointer|
|window_adjust_1_2_6_o_ap_vld  |  out|    1|     ap_ovld|                   window_adjust_1_2_6|       pointer|
|window_adjust_2_0_6_i         |   in|   10|     ap_ovld|                   window_adjust_2_0_6|       pointer|
|window_adjust_2_0_6_o         |  out|   10|     ap_ovld|                   window_adjust_2_0_6|       pointer|
|window_adjust_2_0_6_o_ap_vld  |  out|    1|     ap_ovld|                   window_adjust_2_0_6|       pointer|
|window_adjust_2_2_6_i         |   in|   10|     ap_ovld|                   window_adjust_2_2_6|       pointer|
|window_adjust_2_2_6_o         |  out|   10|     ap_ovld|                   window_adjust_2_2_6|       pointer|
|window_adjust_2_2_6_o_ap_vld  |  out|    1|     ap_ovld|                   window_adjust_2_2_6|       pointer|
|window_adjust_0_0_7_i         |   in|   10|     ap_ovld|                   window_adjust_0_0_7|       pointer|
|window_adjust_0_0_7_o         |  out|   10|     ap_ovld|                   window_adjust_0_0_7|       pointer|
|window_adjust_0_0_7_o_ap_vld  |  out|    1|     ap_ovld|                   window_adjust_0_0_7|       pointer|
|window_adjust_0_2_7_i         |   in|   10|     ap_ovld|                   window_adjust_0_2_7|       pointer|
|window_adjust_0_2_7_o         |  out|   10|     ap_ovld|                   window_adjust_0_2_7|       pointer|
|window_adjust_0_2_7_o_ap_vld  |  out|    1|     ap_ovld|                   window_adjust_0_2_7|       pointer|
|window_adjust_1_0_7_i         |   in|   10|     ap_ovld|                   window_adjust_1_0_7|       pointer|
|window_adjust_1_0_7_o         |  out|   10|     ap_ovld|                   window_adjust_1_0_7|       pointer|
|window_adjust_1_0_7_o_ap_vld  |  out|    1|     ap_ovld|                   window_adjust_1_0_7|       pointer|
|window_adjust_1_2_7_i         |   in|   10|     ap_ovld|                   window_adjust_1_2_7|       pointer|
|window_adjust_1_2_7_o         |  out|   10|     ap_ovld|                   window_adjust_1_2_7|       pointer|
|window_adjust_1_2_7_o_ap_vld  |  out|    1|     ap_ovld|                   window_adjust_1_2_7|       pointer|
|window_adjust_2_0_7_i         |   in|   10|     ap_ovld|                   window_adjust_2_0_7|       pointer|
|window_adjust_2_0_7_o         |  out|   10|     ap_ovld|                   window_adjust_2_0_7|       pointer|
|window_adjust_2_0_7_o_ap_vld  |  out|    1|     ap_ovld|                   window_adjust_2_0_7|       pointer|
|window_adjust_2_2_7_i         |   in|   10|     ap_ovld|                   window_adjust_2_2_7|       pointer|
|window_adjust_2_2_7_o         |  out|   10|     ap_ovld|                   window_adjust_2_2_7|       pointer|
|window_adjust_2_2_7_o_ap_vld  |  out|    1|     ap_ovld|                   window_adjust_2_2_7|       pointer|
|linebuf_0_0_address0          |  out|    8|   ap_memory|                           linebuf_0_0|         array|
|linebuf_0_0_ce0               |  out|    1|   ap_memory|                           linebuf_0_0|         array|
|linebuf_0_0_we0               |  out|    1|   ap_memory|                           linebuf_0_0|         array|
|linebuf_0_0_d0                |  out|   80|   ap_memory|                           linebuf_0_0|         array|
|linebuf_0_0_q0                |   in|   80|   ap_memory|                           linebuf_0_0|         array|
|linebuf_0_0_address1          |  out|    8|   ap_memory|                           linebuf_0_0|         array|
|linebuf_0_0_ce1               |  out|    1|   ap_memory|                           linebuf_0_0|         array|
|linebuf_0_0_q1                |   in|   80|   ap_memory|                           linebuf_0_0|         array|
|linebuf_1_0_address0          |  out|    8|   ap_memory|                           linebuf_1_0|         array|
|linebuf_1_0_ce0               |  out|    1|   ap_memory|                           linebuf_1_0|         array|
|linebuf_1_0_we0               |  out|    1|   ap_memory|                           linebuf_1_0|         array|
|linebuf_1_0_d0                |  out|   80|   ap_memory|                           linebuf_1_0|         array|
|linebuf_1_0_q0                |   in|   80|   ap_memory|                           linebuf_1_0|         array|
|linebuf_1_0_address1          |  out|    8|   ap_memory|                           linebuf_1_0|         array|
|linebuf_1_0_ce1               |  out|    1|   ap_memory|                           linebuf_1_0|         array|
|linebuf_1_0_q1                |   in|   80|   ap_memory|                           linebuf_1_0|         array|
|linebuf_2_0_address0          |  out|    8|   ap_memory|                           linebuf_2_0|         array|
|linebuf_2_0_ce0               |  out|    1|   ap_memory|                           linebuf_2_0|         array|
|linebuf_2_0_we0               |  out|    1|   ap_memory|                           linebuf_2_0|         array|
|linebuf_2_0_d0                |  out|   80|   ap_memory|                           linebuf_2_0|         array|
|linebuf_2_0_q0                |   in|   80|   ap_memory|                           linebuf_2_0|         array|
|linebuf_2_0_address1          |  out|    8|   ap_memory|                           linebuf_2_0|         array|
|linebuf_2_0_ce1               |  out|    1|   ap_memory|                           linebuf_2_0|         array|
|linebuf_2_0_q1                |   in|   80|   ap_memory|                           linebuf_2_0|         array|
|linebuf_1_1_address0          |  out|    8|   ap_memory|                           linebuf_1_1|         array|
|linebuf_1_1_ce0               |  out|    1|   ap_memory|                           linebuf_1_1|         array|
|linebuf_1_1_we0               |  out|    1|   ap_memory|                           linebuf_1_1|         array|
|linebuf_1_1_d0                |  out|   80|   ap_memory|                           linebuf_1_1|         array|
|linebuf_1_1_q0                |   in|   80|   ap_memory|                           linebuf_1_1|         array|
|linebuf_1_1_address1          |  out|    8|   ap_memory|                           linebuf_1_1|         array|
|linebuf_1_1_ce1               |  out|    1|   ap_memory|                           linebuf_1_1|         array|
|linebuf_1_1_q1                |   in|   80|   ap_memory|                           linebuf_1_1|         array|
|linebuf_2_1_address0          |  out|    8|   ap_memory|                           linebuf_2_1|         array|
|linebuf_2_1_ce0               |  out|    1|   ap_memory|                           linebuf_2_1|         array|
|linebuf_2_1_we0               |  out|    1|   ap_memory|                           linebuf_2_1|         array|
|linebuf_2_1_d0                |  out|   80|   ap_memory|                           linebuf_2_1|         array|
|linebuf_2_1_q0                |   in|   80|   ap_memory|                           linebuf_2_1|         array|
|linebuf_2_1_address1          |  out|    8|   ap_memory|                           linebuf_2_1|         array|
|linebuf_2_1_ce1               |  out|    1|   ap_memory|                           linebuf_2_1|         array|
|linebuf_2_1_q1                |   in|   80|   ap_memory|                           linebuf_2_1|         array|
|linebuf_0_1_address0          |  out|    8|   ap_memory|                           linebuf_0_1|         array|
|linebuf_0_1_ce0               |  out|    1|   ap_memory|                           linebuf_0_1|         array|
|linebuf_0_1_we0               |  out|    1|   ap_memory|                           linebuf_0_1|         array|
|linebuf_0_1_d0                |  out|   80|   ap_memory|                           linebuf_0_1|         array|
|linebuf_0_1_q0                |   in|   80|   ap_memory|                           linebuf_0_1|         array|
|linebuf_0_1_address1          |  out|    8|   ap_memory|                           linebuf_0_1|         array|
|linebuf_0_1_ce1               |  out|    1|   ap_memory|                           linebuf_0_1|         array|
|linebuf_0_1_q1                |   in|   80|   ap_memory|                           linebuf_0_1|         array|
+------------------------------+-----+-----+------------+--------------------------------------+--------------+

