

================================================================
== Vitis HLS Report for 'conv2d_3x3'
================================================================
* Date:           Fri Aug 15 09:35:08 2025

* Version:        2023.2 (Build 4023990 on Oct 11 2023)
* Project:        conv2d_3x3
* Solution:       hls (Vivado IP Flow Target)
* Product family: zynquplus
* Target device:  xczu1cg-sbva484-1-e


================================================================
== Performance Estimates
================================================================
+ Timing: 
    * Summary: 
    +--------+----------+----------+------------+
    |  Clock |  Target  | Estimated| Uncertainty|
    +--------+----------+----------+------------+
    |ap_clk  |  10.00 ns|  7.300 ns|     2.70 ns|
    +--------+----------+----------+------------+

+ Latency: 
    * Summary: 
    +---------+---------+----------+----------+-----+-----+---------+
    |  Latency (cycles) |  Latency (absolute) |  Interval | Pipeline|
    |   min   |   max   |    min   |    max   | min | max |   Type  |
    +---------+---------+----------+----------+-----+-----+---------+
    |        ?|        ?|         ?|         ?|    ?|    ?|       no|
    +---------+---------+----------+----------+-----+-----+---------+

    + Detail: 
        * Instance: 
        +-------------------------------------------------+--------------------------------------+---------+---------+-----------+-----------+--------+--------+---------+
        |                                                 |                                      |  Latency (cycles) |   Latency (absolute)  |     Interval    | Pipeline|
        |                     Instance                    |                Module                |   min   |   max   |    min    |    max    |   min  |   max  |   Type  |
        +-------------------------------------------------+--------------------------------------+---------+---------+-----------+-----------+--------+--------+---------+
        |grp_conv2d_3x3_Pipeline_VITIS_LOOP_133_1_fu_245  |conv2d_3x3_Pipeline_VITIS_LOOP_133_1  |   783363|   783363|   7.834 ms|   7.834 ms|  783363|  783363|       no|
        |grp_conv2d_3x3_Pipeline_VITIS_LOOP_182_2_fu_255  |conv2d_3x3_Pipeline_VITIS_LOOP_182_2  |        ?|        ?|          ?|          ?|       ?|       ?|       no|
        |grp_shift_register_fu_372                        |shift_register                        |        2|        2|  20.000 ns|  20.000 ns|       2|       2|      yes|
        |grp_conv2d_3x3_Pipeline_VITIS_LOOP_157_1_fu_486  |conv2d_3x3_Pipeline_VITIS_LOOP_157_1  |   783368|   783368|   7.834 ms|   7.834 ms|  783368|  783368|       no|
        +-------------------------------------------------+--------------------------------------+---------+---------+-----------+-----------+--------+--------+---------+

        * Loop: 
        +--------------------+---------+---------+----------+-----------+-----------+------+----------+
        |                    |  Latency (cycles) | Iteration|  Initiation Interval  | Trip |          |
        |      Loop Name     |   min   |   max   |  Latency |  achieved |   target  | Count| Pipelined|
        +--------------------+---------+---------+----------+-----------+-----------+------+----------+
        |- VITIS_LOOP_180_1  |        ?|        ?|         ?|          -|          -|  2049|        no|
        +--------------------+---------+---------+----------+-----------+-----------+------+----------+



================================================================
== Utilization Estimates
================================================================
* Summary: 
+-----------------+---------+-----+-------+-------+-----+
|       Name      | BRAM_18K| DSP |   FF  |  LUT  | URAM|
+-----------------+---------+-----+-------+-------+-----+
|DSP              |        -|    -|      -|      -|    -|
|Expression       |        -|    -|      0|     60|    -|
|FIFO             |        -|    -|    198|    134|    -|
|Instance         |        8|    -|   4089|   8506|    0|
|Memory           |       30|    -|      0|      0|    0|
|Multiplexer      |        -|    -|      -|    954|    -|
|Register         |        -|    -|    642|      -|    -|
+-----------------+---------+-----+-------+-------+-----+
|Total            |       38|    0|   4929|   9654|    0|
+-----------------+---------+-----+-------+-------+-----+
|Available        |      216|  216|  74880|  37440|    0|
+-----------------+---------+-----+-------+-------+-----+
|Utilization (%)  |       17|    0|      6|     25|    0|
+-----------------+---------+-----+-------+-------+-----+

+ Detail: 
    * Instance: 
    +-------------------------------------------------+--------------------------------------+---------+----+------+------+-----+
    |                     Instance                    |                Module                | BRAM_18K| DSP|  FF  |  LUT | URAM|
    +-------------------------------------------------+--------------------------------------+---------+----+------+------+-----+
    |control_s_axi_U                                  |control_s_axi                         |        0|   0|   176|   296|    0|
    |grp_conv2d_3x3_Pipeline_VITIS_LOOP_133_1_fu_245  |conv2d_3x3_Pipeline_VITIS_LOOP_133_1  |        0|   0|   577|   581|    0|
    |grp_conv2d_3x3_Pipeline_VITIS_LOOP_157_1_fu_486  |conv2d_3x3_Pipeline_VITIS_LOOP_157_1  |        0|   0|   793|  1197|    0|
    |grp_conv2d_3x3_Pipeline_VITIS_LOOP_182_2_fu_255  |conv2d_3x3_Pipeline_VITIS_LOOP_182_2  |        0|   0|  1643|  3973|    0|
    |gmem_m_axi_U                                     |gmem_m_axi                            |        8|   0|   884|   880|    0|
    |grp_shift_register_fu_372                        |shift_register                        |        0|   0|    16|  1579|    0|
    +-------------------------------------------------+--------------------------------------+---------+----+------+------+-----+
    |Total                                            |                                      |        8|   0|  4089|  8506|    0|
    +-------------------------------------------------+--------------------------------------+---------+----+------+------+-----+

    * DSP: 
    N/A

    * Memory: 
    +---------------+---------------------------+---------+---+----+-----+------+-----+------+-------------+
    |     Memory    |           Module          | BRAM_18K| FF| LUT| URAM| Words| Bits| Banks| W*Bits*Banks|
    +---------------+---------------------------+---------+---+----+-----+------+-----+------+-------------+
    |linebuf_0_0_U  |linebuf_0_0_RAM_AUTO_1R1W  |        5|  0|   0|    0|   153|   80|     1|        12240|
    |linebuf_1_0_U  |linebuf_0_0_RAM_AUTO_1R1W  |        5|  0|   0|    0|   153|   80|     1|        12240|
    |linebuf_2_0_U  |linebuf_0_0_RAM_AUTO_1R1W  |        5|  0|   0|    0|   153|   80|     1|        12240|
    |linebuf_1_1_U  |linebuf_0_0_RAM_AUTO_1R1W  |        5|  0|   0|    0|   153|   80|     1|        12240|
    |linebuf_2_1_U  |linebuf_0_0_RAM_AUTO_1R1W  |        5|  0|   0|    0|   153|   80|     1|        12240|
    |linebuf_0_1_U  |linebuf_0_0_RAM_AUTO_1R1W  |        5|  0|   0|    0|   153|   80|     1|        12240|
    +---------------+---------------------------+---------+---+----+-----+------+-----+------+-------------+
    |Total          |                           |       30|  0|   0|    0|   918|  480|     6|        73440|
    +---------------+---------------------------+---------+---+----+-----+------+-----+------+-------------+

    * FIFO: 
    +---------------+---------+----+----+-----+------+-----+---------+
    |      Name     | BRAM_18K| FF | LUT| URAM| Depth| Bits| Size:D*B|
    +---------------+---------+----+----+-----+------+-----+---------+
    |input_fifo_U   |        0|  99|   0|    -|     2|   80|      160|
    |output_fifo_U  |        0|  99|   0|    -|     2|   80|      160|
    +---------------+---------+----+----+-----+------+-----+---------+
    |Total          |        0| 198|   0|    0|     4|  160|      320|
    +---------------+---------+----+----+-----+------+-----+---------+

    * Expression: 
    +------------------+----------+----+---+----+------------+------------+
    |   Variable Name  | Operation| DSP| FF| LUT| Bitwidth P0| Bitwidth P1|
    +------------------+----------+----+---+----+------------+------------+
    |row_3_fu_539_p2   |         +|   0|  0|  19|          12|           1|
    |ap_block_state17  |       and|   0|  0|   2|           1|           1|
    |cmp4_i_fu_525_p2  |      icmp|   0|  0|  20|          12|          13|
    |cmp_i3_fu_532_p2  |      icmp|   0|  0|  19|          12|           1|
    +------------------+----------+----+---+----+------------+------------+
    |Total             |          |   0|  0|  60|          37|          16|
    +------------------+----------+----+---+----+------------+------------+

    * Multiplexer: 
    +----------------------+-----+-----------+-----+-----------+
    |         Name         | LUT | Input Size| Bits| Total Bits|
    +----------------------+-----+-----------+-----+-----------+
    |ap_NS_fsm             |  100|         20|    1|         20|
    |gmem_ARADDR           |   14|          3|   64|        192|
    |gmem_ARLEN            |   14|          3|   32|         96|
    |gmem_ARVALID          |   14|          3|    1|          3|
    |gmem_AWVALID          |    9|          2|    1|          2|
    |gmem_BREADY           |    9|          2|    1|          2|
    |gmem_RREADY           |    9|          2|    1|          2|
    |gmem_WVALID           |    9|          2|    1|          2|
    |gmem_blk_n_AR         |    9|          2|    1|          2|
    |input_read            |    9|          2|    1|          2|
    |input_write           |    9|          2|    1|          2|
    |linebuf_0_0_address0  |   14|          3|    8|         24|
    |linebuf_0_0_ce0       |   14|          3|    1|          3|
    |linebuf_0_0_ce1       |    9|          2|    1|          2|
    |linebuf_0_0_we0       |    9|          2|    1|          2|
    |linebuf_0_1_address0  |   14|          3|    8|         24|
    |linebuf_0_1_ce0       |   14|          3|    1|          3|
    |linebuf_0_1_ce1       |    9|          2|    1|          2|
    |linebuf_0_1_we0       |    9|          2|    1|          2|
    |linebuf_1_0_address0  |   14|          3|    8|         24|
    |linebuf_1_0_ce0       |   14|          3|    1|          3|
    |linebuf_1_0_ce1       |    9|          2|    1|          2|
    |linebuf_1_0_we0       |    9|          2|    1|          2|
    |linebuf_1_1_address0  |   14|          3|    8|         24|
    |linebuf_1_1_ce0       |   14|          3|    1|          3|
    |linebuf_1_1_ce1       |    9|          2|    1|          2|
    |linebuf_1_1_we0       |    9|          2|    1|          2|
    |linebuf_2_0_address0  |   14|          3|    8|         24|
    |linebuf_2_0_ce0       |   14|          3|    1|          3|
    |linebuf_2_0_ce1       |    9|          2|    1|          2|
    |linebuf_2_0_we0       |    9|          2|    1|          2|
    |linebuf_2_1_address0  |   14|          3|    8|         24|
    |linebuf_2_1_ce0       |   14|          3|    1|          3|
    |linebuf_2_1_ce1       |    9|          2|    1|          2|
    |linebuf_2_1_we0       |    9|          2|    1|          2|
    |output_din            |    9|          2|   80|        160|
    |output_read           |    9|          2|    1|          2|
    |output_write          |   14|          3|    1|          3|
    |row_fu_208            |    9|          2|   12|         24|
    |window_adjust_0_0_0   |    9|          2|   10|         20|
    |window_adjust_0_0_1   |    9|          2|   10|         20|
    |window_adjust_0_0_2   |    9|          2|   10|         20|
    |window_adjust_0_0_3   |    9|          2|   10|         20|
    |window_adjust_0_0_4   |    9|          2|   10|         20|
    |window_adjust_0_0_5   |    9|          2|   10|         20|
    |window_adjust_0_0_6   |    9|          2|   10|         20|
    |window_adjust_0_0_7   |    9|          2|   10|         20|
    |window_adjust_0_2_0   |    9|          2|   10|         20|
    |window_adjust_0_2_1   |    9|          2|   10|         20|
    |window_adjust_0_2_2   |    9|          2|   10|         20|
    |window_adjust_0_2_3   |    9|          2|   10|         20|
    |window_adjust_0_2_4   |    9|          2|   10|         20|
    |window_adjust_0_2_5   |    9|          2|   10|         20|
    |window_adjust_0_2_6   |    9|          2|   10|         20|
    |window_adjust_0_2_7   |    9|          2|   10|         20|
    |window_adjust_1_0_0   |    9|          2|   10|         20|
    |window_adjust_1_0_1   |    9|          2|   10|         20|
    |window_adjust_1_0_2   |    9|          2|   10|         20|
    |window_adjust_1_0_3   |    9|          2|   10|         20|
    |window_adjust_1_0_4   |    9|          2|   10|         20|
    |window_adjust_1_0_5   |    9|          2|   10|         20|
    |window_adjust_1_0_6   |    9|          2|   10|         20|
    |window_adjust_1_0_7   |    9|          2|   10|         20|
    |window_adjust_1_2_0   |    9|          2|   10|         20|
    |window_adjust_1_2_1   |    9|          2|   10|         20|
    |window_adjust_1_2_2   |    9|          2|   10|         20|
    |window_adjust_1_2_3   |    9|          2|   10|         20|
    |window_adjust_1_2_4   |    9|          2|   10|         20|
    |window_adjust_1_2_5   |    9|          2|   10|         20|
    |window_adjust_1_2_6   |    9|          2|   10|         20|
    |window_adjust_1_2_7   |    9|          2|   10|         20|
    |window_adjust_2_0_0   |    9|          2|   10|         20|
    |window_adjust_2_0_1   |    9|          2|   10|         20|
    |window_adjust_2_0_2   |    9|          2|   10|         20|
    |window_adjust_2_0_3   |    9|          2|   10|         20|
    |window_adjust_2_0_4   |    9|          2|   10|         20|
    |window_adjust_2_0_5   |    9|          2|   10|         20|
    |window_adjust_2_0_6   |    9|          2|   10|         20|
    |window_adjust_2_0_7   |    9|          2|   10|         20|
    |window_adjust_2_2_0   |    9|          2|   10|         20|
    |window_adjust_2_2_1   |    9|          2|   10|         20|
    |window_adjust_2_2_2   |    9|          2|   10|         20|
    |window_adjust_2_2_3   |    9|          2|   10|         20|
    |window_adjust_2_2_4   |    9|          2|   10|         20|
    |window_adjust_2_2_5   |    9|          2|   10|         20|
    |window_adjust_2_2_6   |    9|          2|   10|         20|
    |window_adjust_2_2_7   |    9|          2|   10|         20|
    +----------------------+-----+-----------+-----+-----------+
    |Total                 |  954|        208|  745|       1660|
    +----------------------+-----+-----------+-----+-----------+

    * Register: 
    +--------------------------------------------------------------+----+----+-----+-----------+
    |                             Name                             | FF | LUT| Bits| Const Bits|
    +--------------------------------------------------------------+----+----+-----+-----------+
    |ap_CS_fsm                                                     |  19|   0|   19|          0|
    |arr2_read_reg_556                                             |  64|   0|   64|          0|
    |cmp4_i_reg_588                                                |   1|   0|    1|          0|
    |cmp_i3_reg_593                                                |   1|   0|    1|          0|
    |grp_conv2d_3x3_Pipeline_VITIS_LOOP_133_1_fu_245_ap_start_reg  |   1|   0|    1|          0|
    |grp_conv2d_3x3_Pipeline_VITIS_LOOP_157_1_fu_486_ap_start_reg  |   1|   0|    1|          0|
    |grp_conv2d_3x3_Pipeline_VITIS_LOOP_182_2_fu_255_ap_start_reg  |   1|   0|    1|          0|
    |grp_shift_register_fu_372_ap_start_reg                        |   1|   0|    1|          0|
    |row_fu_208                                                    |  12|   0|   12|          0|
    |trunc_ln_reg_574                                              |  61|   0|   61|          0|
    |window_adjust_0_0_0                                           |  10|   0|   10|          0|
    |window_adjust_0_0_1                                           |  10|   0|   10|          0|
    |window_adjust_0_0_2                                           |  10|   0|   10|          0|
    |window_adjust_0_0_3                                           |  10|   0|   10|          0|
    |window_adjust_0_0_4                                           |  10|   0|   10|          0|
    |window_adjust_0_0_5                                           |  10|   0|   10|          0|
    |window_adjust_0_0_6                                           |  10|   0|   10|          0|
    |window_adjust_0_0_7                                           |  10|   0|   10|          0|
    |window_adjust_0_2_0                                           |  10|   0|   10|          0|
    |window_adjust_0_2_1                                           |  10|   0|   10|          0|
    |window_adjust_0_2_2                                           |  10|   0|   10|          0|
    |window_adjust_0_2_3                                           |  10|   0|   10|          0|
    |window_adjust_0_2_4                                           |  10|   0|   10|          0|
    |window_adjust_0_2_5                                           |  10|   0|   10|          0|
    |window_adjust_0_2_6                                           |  10|   0|   10|          0|
    |window_adjust_0_2_7                                           |  10|   0|   10|          0|
    |window_adjust_1_0_0                                           |  10|   0|   10|          0|
    |window_adjust_1_0_1                                           |  10|   0|   10|          0|
    |window_adjust_1_0_2                                           |  10|   0|   10|          0|
    |window_adjust_1_0_3                                           |  10|   0|   10|          0|
    |window_adjust_1_0_4                                           |  10|   0|   10|          0|
    |window_adjust_1_0_5                                           |  10|   0|   10|          0|
    |window_adjust_1_0_6                                           |  10|   0|   10|          0|
    |window_adjust_1_0_7                                           |  10|   0|   10|          0|
    |window_adjust_1_2_0                                           |  10|   0|   10|          0|
    |window_adjust_1_2_1                                           |  10|   0|   10|          0|
    |window_adjust_1_2_2                                           |  10|   0|   10|          0|
    |window_adjust_1_2_3                                           |  10|   0|   10|          0|
    |window_adjust_1_2_4                                           |  10|   0|   10|          0|
    |window_adjust_1_2_5                                           |  10|   0|   10|          0|
    |window_adjust_1_2_6                                           |  10|   0|   10|          0|
    |window_adjust_1_2_7                                           |  10|   0|   10|          0|
    |window_adjust_2_0_0                                           |  10|   0|   10|          0|
    |window_adjust_2_0_1                                           |  10|   0|   10|          0|
    |window_adjust_2_0_2                                           |  10|   0|   10|          0|
    |window_adjust_2_0_3                                           |  10|   0|   10|          0|
    |window_adjust_2_0_4                                           |  10|   0|   10|          0|
    |window_adjust_2_0_5                                           |  10|   0|   10|          0|
    |window_adjust_2_0_6                                           |  10|   0|   10|          0|
    |window_adjust_2_0_7                                           |  10|   0|   10|          0|
    |window_adjust_2_2_0                                           |  10|   0|   10|          0|
    |window_adjust_2_2_1                                           |  10|   0|   10|          0|
    |window_adjust_2_2_2                                           |  10|   0|   10|          0|
    |window_adjust_2_2_3                                           |  10|   0|   10|          0|
    |window_adjust_2_2_4                                           |  10|   0|   10|          0|
    |window_adjust_2_2_5                                           |  10|   0|   10|          0|
    |window_adjust_2_2_6                                           |  10|   0|   10|          0|
    |window_adjust_2_2_7                                           |  10|   0|   10|          0|
    +--------------------------------------------------------------+----+----+-----+-----------+
    |Total                                                         | 642|   0|  642|          0|
    +--------------------------------------------------------------+----+----+-----+-----------+



================================================================
== Interface
================================================================
* Summary: 
+-----------------------+-----+-----+------------+--------------+--------------+
|       RTL Ports       | Dir | Bits|  Protocol  | Source Object|    C Type    |
+-----------------------+-----+-----+------------+--------------+--------------+
|s_axi_control_AWVALID  |   in|    1|       s_axi|       control|        scalar|
|s_axi_control_AWREADY  |  out|    1|       s_axi|       control|        scalar|
|s_axi_control_AWADDR   |   in|    6|       s_axi|       control|        scalar|
|s_axi_control_WVALID   |   in|    1|       s_axi|       control|        scalar|
|s_axi_control_WREADY   |  out|    1|       s_axi|       control|        scalar|
|s_axi_control_WDATA    |   in|   32|       s_axi|       control|        scalar|
|s_axi_control_WSTRB    |   in|    4|       s_axi|       control|        scalar|
|s_axi_control_ARVALID  |   in|    1|       s_axi|       control|        scalar|
|s_axi_control_ARREADY  |  out|    1|       s_axi|       control|        scalar|
|s_axi_control_ARADDR   |   in|    6|       s_axi|       control|        scalar|
|s_axi_control_RVALID   |  out|    1|       s_axi|       control|        scalar|
|s_axi_control_RREADY   |   in|    1|       s_axi|       control|        scalar|
|s_axi_control_RDATA    |  out|   32|       s_axi|       control|        scalar|
|s_axi_control_RRESP    |  out|    2|       s_axi|       control|        scalar|
|s_axi_control_BVALID   |  out|    1|       s_axi|       control|        scalar|
|s_axi_control_BREADY   |   in|    1|       s_axi|       control|        scalar|
|s_axi_control_BRESP    |  out|    2|       s_axi|       control|        scalar|
|ap_clk                 |   in|    1|  ap_ctrl_hs|    conv2d_3x3|  return value|
|ap_rst_n               |   in|    1|  ap_ctrl_hs|    conv2d_3x3|  return value|
|interrupt              |  out|    1|  ap_ctrl_hs|    conv2d_3x3|  return value|
|m_axi_gmem_AWVALID     |  out|    1|       m_axi|          gmem|       pointer|
|m_axi_gmem_AWREADY     |   in|    1|       m_axi|          gmem|       pointer|
|m_axi_gmem_AWADDR      |  out|   64|       m_axi|          gmem|       pointer|
|m_axi_gmem_AWID        |  out|    1|       m_axi|          gmem|       pointer|
|m_axi_gmem_AWLEN       |  out|    8|       m_axi|          gmem|       pointer|
|m_axi_gmem_AWSIZE      |  out|    3|       m_axi|          gmem|       pointer|
|m_axi_gmem_AWBURST     |  out|    2|       m_axi|          gmem|       pointer|
|m_axi_gmem_AWLOCK      |  out|    2|       m_axi|          gmem|       pointer|
|m_axi_gmem_AWCACHE     |  out|    4|       m_axi|          gmem|       pointer|
|m_axi_gmem_AWPROT      |  out|    3|       m_axi|          gmem|       pointer|
|m_axi_gmem_AWQOS       |  out|    4|       m_axi|          gmem|       pointer|
|m_axi_gmem_AWREGION    |  out|    4|       m_axi|          gmem|       pointer|
|m_axi_gmem_AWUSER      |  out|    1|       m_axi|          gmem|       pointer|
|m_axi_gmem_WVALID      |  out|    1|       m_axi|          gmem|       pointer|
|m_axi_gmem_WREADY      |   in|    1|       m_axi|          gmem|       pointer|
|m_axi_gmem_WDATA       |  out|   64|       m_axi|          gmem|       pointer|
|m_axi_gmem_WSTRB       |  out|    8|       m_axi|          gmem|       pointer|
|m_axi_gmem_WLAST       |  out|    1|       m_axi|          gmem|       pointer|
|m_axi_gmem_WID         |  out|    1|       m_axi|          gmem|       pointer|
|m_axi_gmem_WUSER       |  out|    1|       m_axi|          gmem|       pointer|
|m_axi_gmem_ARVALID     |  out|    1|       m_axi|          gmem|       pointer|
|m_axi_gmem_ARREADY     |   in|    1|       m_axi|          gmem|       pointer|
|m_axi_gmem_ARADDR      |  out|   64|       m_axi|          gmem|       pointer|
|m_axi_gmem_ARID        |  out|    1|       m_axi|          gmem|       pointer|
|m_axi_gmem_ARLEN       |  out|    8|       m_axi|          gmem|       pointer|
|m_axi_gmem_ARSIZE      |  out|    3|       m_axi|          gmem|       pointer|
|m_axi_gmem_ARBURST     |  out|    2|       m_axi|          gmem|       pointer|
|m_axi_gmem_ARLOCK      |  out|    2|       m_axi|          gmem|       pointer|
|m_axi_gmem_ARCACHE     |  out|    4|       m_axi|          gmem|       pointer|
|m_axi_gmem_ARPROT      |  out|    3|       m_axi|          gmem|       pointer|
|m_axi_gmem_ARQOS       |  out|    4|       m_axi|          gmem|       pointer|
|m_axi_gmem_ARREGION    |  out|    4|       m_axi|          gmem|       pointer|
|m_axi_gmem_ARUSER      |  out|    1|       m_axi|          gmem|       pointer|
|m_axi_gmem_RVALID      |   in|    1|       m_axi|          gmem|       pointer|
|m_axi_gmem_RREADY      |  out|    1|       m_axi|          gmem|       pointer|
|m_axi_gmem_RDATA       |   in|   64|       m_axi|          gmem|       pointer|
|m_axi_gmem_RLAST       |   in|    1|       m_axi|          gmem|       pointer|
|m_axi_gmem_RID         |   in|    1|       m_axi|          gmem|       pointer|
|m_axi_gmem_RUSER       |   in|    1|       m_axi|          gmem|       pointer|
|m_axi_gmem_RRESP       |   in|    2|       m_axi|          gmem|       pointer|
|m_axi_gmem_BVALID      |   in|    1|       m_axi|          gmem|       pointer|
|m_axi_gmem_BREADY      |  out|    1|       m_axi|          gmem|       pointer|
|m_axi_gmem_BRESP       |   in|    2|       m_axi|          gmem|       pointer|
|m_axi_gmem_BID         |   in|    1|       m_axi|          gmem|       pointer|
|m_axi_gmem_BUSER       |   in|    1|       m_axi|          gmem|       pointer|
+-----------------------+-----+-----+------------+--------------+--------------+

