================================================================
== Design Size Report
================================================================

* Total Instructions per Compilation Phase
+---------------+-----------------------------+--------------+----------------------------------------------------------------------------------------+
| Phase         | Step                        | Instructions | Description                                                                            |
+---------------+-----------------------------+--------------+----------------------------------------------------------------------------------------+
| Compile/Link  |                             | 3,569        | After all functions are compiled and linked into a single design                       |
|               |                             |              |                                                                                        |
| Unroll/Inline |                             |              | After user unroll and inline pragmas are applied                                       |
|               | (1) unroll                  | 7,130        | user unroll pragmas are applied                                                        |
|               | (2) simplification          | 2,743        | simplification of applied user unroll pragmas                                          |
|               | (3) inline                  | 2,712        | user inline pragmas are applied                                                        |
|               | (4) simplification          | 2,635        | simplification of applied user inline pragmas                                          |
|               |                             |              |                                                                                        |
| Array/Struct  |                             |              | After user array partition and struct aggregate/disaggregate pragmas are applied       |
|               | (1) array partition         | 2,661        | user array partition pragmas are applied                                               |
|               | (2) simplification          | 2,079        | simplification of applied user array partition & struct aggregate/disaggregate pragmas |
|               | (3) aggregate/disaggregate  | 2,079        | user struct aggregate/disaggregate pragmas are applied                                 |
|               | (4) array reshape           | 2,079        | apply array reshape pragmas                                                            |
|               | (5) access patterns         | 2,077        | array access pattern optmizations                                                      |
|               |                             |              |                                                                                        |
| Performance   |                             |              | After transformations are applied to meet performance pragma targets                   |
|               | (1) loop simplification     | 2,071        | loop and instruction simplification                                                    |
|               | (2) parallelization         | 1,975        | loops are unrolled or pipelined to meet performance targets                            |
|               | (3) array partition         | 2,158        | arrays are partitioned to meet performance targets                                     |
|               | (4) simplification          | 1,975        | simplification of design after performance transformations                             |
|               |                             |              |                                                                                        |
| HW Transforms |                             |              | After hardware transfomations                                                          |
|               | (1) lowering                | 1,972        | initial conversion to HW specific instructions                                         |
|               | (2) optimizations           | 1,991        | high level synthesis optimizations                                                     |
+---------------+-----------------------------+--------------+----------------------------------------------------------------------------------------+

* Instructions per Function for each Compilation Phase
+-----------------------+-----------------------+-----------------+-----------------+-----------------+-------------+---------------+
| Function              | Location              | Compile/Link    | Unroll/Inline   | Array/Struct    | Performance | HW Transforms |
+-----------------------+-----------------------+-----------------+-----------------+-----------------+-------------+---------------+
| + conv2d_3x3          | conv2d_hls.cpp:151    | 3,569           | 2,635           | 2,077           | 1,975       | 1,991         |
|    data_mm2s          | conv2d_hls.cpp:126    |  165            |                 |                 |             |               |
|  + shift_register     | conv2d_hls.cpp:51     | 3,261 (3 calls) | 2,523 (3 calls) | 1,962 (3 calls) |  578        |  578          |
|   + shift_up          | xf_video_mem.hpp:1014 |  720 (3 calls)  |                 |                 |             |               |
|      shift_pixels_up  | xf_video_mem.hpp:854  |  714 (3 calls)  |                 |                 |             |               |
|     insert_bottom_row | xf_video_mem.hpp:896  |   39 (3 calls)  |                 |                 |             |               |
|     getval            | xf_video_mem.hpp:979  |  240 (15 calls) |                 |                 |             |               |
|     sobelConvolve     | conv2d_hls.cpp:24     | 1,182 (3 calls) | 1,275 (3 calls) | 1,125 (3 calls) |  375        |  375          |
+-----------------------+-----------------------+-----------------+-----------------+-----------------+-------------+---------------+

* Design Size Message Settings
+---------------------------------------------+--------+------------------------------------------------------------------+
| Message Setting                             | Value  | Description                                                      |
+---------------------------------------------+--------+------------------------------------------------------------------+
| config_compile -design_size_maximum_warning | 100000 | Show a warning when total design instructions exceeds this value |
+---------------------------------------------+--------+------------------------------------------------------------------+


