

================================================================
== Synthesis Summary Report of 'conv2d_3x3'
================================================================
+ General Information: 
    * Date:           Thu Aug  7 20:17:12 2025
    * Version:        2023.2 (Build 4023990 on Oct 11 2023)
    * Project:        conv2d_3x3
    * Solution:       hls (Vivado IP Flow Target)
    * Product family: zynquplus
    * Target device:  xczu1cg-sbva484-1-e
    

+ Performance & Resource Estimates: 
    
    PS: '+' for module; 'o' for loop; '*' for dataflow
    +------------------------------------------+------+------+---------+--------+----------+---------+------+----------+----------+----+-----------+------------+-----+
    |                  Modules                 | Issue|      | Latency | Latency| Iteration|         | Trip |          |          |    |           |            |     |
    |                  & Loops                 | Type | Slack| (cycles)|  (ns)  |  Latency | Interval| Count| Pipelined|   BRAM   | DSP|     FF    |     LUT    | URAM|
    +------------------------------------------+------+------+---------+--------+----------+---------+------+----------+----------+----+-----------+------------+-----+
    |+ conv2d_3x3                              |     -|  2.22|        -|       -|         -|        -|     -|        no|  30 (13%)|   -|  2174 (2%)|  6424 (17%)|    -|
    | o VITIS_LOOP_134_1                       |     -|  7.30|        -|       -|         -|        -|     -|        no|         -|   -|          -|           -|    -|
    |  + conv2d_3x3_Pipeline_VITIS_LOOP_136_2  |     -|  2.22|        -|       -|         -|        -|     -|        no|         -|   -|  1643 (2%)|  3975 (10%)|    -|
    |   o VITIS_LOOP_136_2                     |     -|  7.30|        -|       -|         7|        1|     -|       yes|         -|   -|          -|           -|    -|
    |  + shift_register                        |    II|  3.22|        2|  20.000|         -|        2|     -|       yes|         -|   -|   16 (~0%)|   1579 (4%)|    -|
    |   + sobelConvolve                        |    II|  3.22|        0|   0.000|         -|        1|     -|       yes|         -|   -|          -|    912 (2%)|    -|
    +------------------------------------------+------+------+---------+--------+----------+---------+------+----------+----------+----+-----------+------------+-----+


================================================================
== HW Interfaces
================================================================
* AXIS
+-----------+-----------+---------------+-------+--------+--------+
| Interface | Direction | Register Mode | TDATA | TREADY | TVALID |
+-----------+-----------+---------------+-------+--------+--------+
| input_r   | in        | both          | 80    | 1      | 1      |
| output_r  | out       | both          | 80    | 1      | 1      |
+-----------+-----------+---------------+-------+--------+--------+

* TOP LEVEL CONTROL
+-----------+--------------+----------+
| Interface | Type         | Ports    |
+-----------+--------------+----------+
| ap_clk    | clock        | ap_clk   |
| ap_rst_n  | reset        | ap_rst_n |
| ap_ctrl   | ap_ctrl_none |          |
+-----------+--------------+----------+


================================================================
== SW I/O Information
================================================================
* Top Function Arguments
+----------+-----------+-------------------------+
| Argument | Direction | Datatype                |
+----------+-----------+-------------------------+
| input    | in        | stream<ap_uint<80>, 0>& |
| output   | out       | stream<ap_uint<80>, 0>& |
+----------+-----------+-------------------------+

* SW-to-HW Mapping
+----------+--------------+-----------+
| Argument | HW Interface | HW Type   |
+----------+--------------+-----------+
| input    | input_r      | interface |
| output   | output_r     | interface |
+----------+--------------+-----------+


================================================================
== M_AXI Burst Information
================================================================
 Note: All burst requests might be further partitioned into multiple requests during RTL generation based on max_read_burst_length or max_write_burst_length settings.


================================================================
== Bind Op Report
================================================================
+-----------------------------------------+-----+--------+--------------+-----+--------+---------+
| Name                                    | DSP | Pragma | Variable     | Op  | Impl   | Latency |
+-----------------------------------------+-----+--------+--------------+-----+--------+---------+
| + conv2d_3x3                            | 0   |        |              |     |        |         |
|   row_3_fu_425_p2                       |     |        | row_3        | add | fabric | 0       |
|  + conv2d_3x3_Pipeline_VITIS_LOOP_136_2 | 0   |        |              |     |        |         |
|    col_assign_3_fu_1117_p2              |     |        | col_assign_3 | add | fabric | 0       |
|    col_assign_2_fu_1138_p2              |     |        | col_assign_2 | add | fabric | 0       |
|    tmp184_fu_3939_p2                    |     |        | tmp184       | sub | fabric | 0       |
|    sub_ln38_31_fu_3957_p2               |     |        | sub_ln38_31  | sub | fabric | 0       |
|    sub_ln38_32_fu_3967_p2               |     |        | sub_ln38_32  | sub | fabric | 0       |
|    tmp187_fu_2015_p2                    |     |        | tmp187       | sub | fabric | 0       |
|    sub_ln38_33_fu_2033_p2               |     |        | sub_ln38_33  | sub | fabric | 0       |
|    sub_ln38_34_fu_2043_p2               |     |        | sub_ln38_34  | sub | fabric | 0       |
|    tmp190_fu_2149_p2                    |     |        | tmp190       | sub | fabric | 0       |
|    sub_ln38_35_fu_2167_p2               |     |        | sub_ln38_35  | sub | fabric | 0       |
|    sub_ln38_36_fu_2177_p2               |     |        | sub_ln38_36  | sub | fabric | 0       |
|    tmp193_fu_2283_p2                    |     |        | tmp193       | sub | fabric | 0       |
|    sub_ln38_37_fu_2301_p2               |     |        | sub_ln38_37  | sub | fabric | 0       |
|    sub_ln38_38_fu_2311_p2               |     |        | sub_ln38_38  | sub | fabric | 0       |
|    tmp196_fu_2417_p2                    |     |        | tmp196       | sub | fabric | 0       |
|    sub_ln38_39_fu_2435_p2               |     |        | sub_ln38_39  | sub | fabric | 0       |
|    sub_ln38_40_fu_2445_p2               |     |        | sub_ln38_40  | sub | fabric | 0       |
|    tmp199_fu_2551_p2                    |     |        | tmp199       | sub | fabric | 0       |
|    sub_ln38_41_fu_2569_p2               |     |        | sub_ln38_41  | sub | fabric | 0       |
|    sub_ln38_42_fu_2579_p2               |     |        | sub_ln38_42  | sub | fabric | 0       |
|    tmp202_fu_2685_p2                    |     |        | tmp202       | sub | fabric | 0       |
|    sub_ln38_43_fu_2703_p2               |     |        | sub_ln38_43  | sub | fabric | 0       |
|    sub_ln38_44_fu_2713_p2               |     |        | sub_ln38_44  | sub | fabric | 0       |
|    tmp205_fu_2819_p2                    |     |        | tmp205       | sub | fabric | 0       |
|    sub_ln38_45_fu_2837_p2               |     |        | sub_ln38_45  | sub | fabric | 0       |
|    sub_ln38_46_fu_2847_p2               |     |        | sub_ln38_46  | sub | fabric | 0       |
|    grp_fu_581_p2                        |     |        | col_5        | add | fabric | 0       |
|    col_assign_1_fu_1061_p2              |     |        | col_assign_1 | add | fabric | 0       |
|    col_assign_fu_1082_p2                |     |        | col_assign   | add | fabric | 0       |
|    tmp_fu_4087_p2                       |     |        | tmp          | sub | fabric | 0       |
|    sub_ln38_fu_4105_p2                  |     |        | sub_ln38     | sub | fabric | 0       |
|    sub_ln38_16_fu_4115_p2               |     |        | sub_ln38_16  | sub | fabric | 0       |
|    tmp163_fu_3001_p2                    |     |        | tmp163       | sub | fabric | 0       |
|    sub_ln38_17_fu_3019_p2               |     |        | sub_ln38_17  | sub | fabric | 0       |
|    sub_ln38_18_fu_3029_p2               |     |        | sub_ln38_18  | sub | fabric | 0       |
|    tmp166_fu_3135_p2                    |     |        | tmp166       | sub | fabric | 0       |
|    sub_ln38_19_fu_3153_p2               |     |        | sub_ln38_19  | sub | fabric | 0       |
|    sub_ln38_20_fu_3163_p2               |     |        | sub_ln38_20  | sub | fabric | 0       |
|    tmp169_fu_3269_p2                    |     |        | tmp169       | sub | fabric | 0       |
|    sub_ln38_21_fu_3287_p2               |     |        | sub_ln38_21  | sub | fabric | 0       |
|    sub_ln38_22_fu_3297_p2               |     |        | sub_ln38_22  | sub | fabric | 0       |
|    tmp172_fu_3403_p2                    |     |        | tmp172       | sub | fabric | 0       |
|    sub_ln38_23_fu_3421_p2               |     |        | sub_ln38_23  | sub | fabric | 0       |
|    sub_ln38_24_fu_3431_p2               |     |        | sub_ln38_24  | sub | fabric | 0       |
|    tmp175_fu_3537_p2                    |     |        | tmp175       | sub | fabric | 0       |
|    sub_ln38_25_fu_3555_p2               |     |        | sub_ln38_25  | sub | fabric | 0       |
|    sub_ln38_26_fu_3565_p2               |     |        | sub_ln38_26  | sub | fabric | 0       |
|    tmp178_fu_3671_p2                    |     |        | tmp178       | sub | fabric | 0       |
|    sub_ln38_27_fu_3689_p2               |     |        | sub_ln38_27  | sub | fabric | 0       |
|    sub_ln38_28_fu_3699_p2               |     |        | sub_ln38_28  | sub | fabric | 0       |
|    tmp181_fu_3805_p2                    |     |        | tmp181       | sub | fabric | 0       |
|    sub_ln38_29_fu_3823_p2               |     |        | sub_ln38_29  | sub | fabric | 0       |
|    sub_ln38_30_fu_3833_p2               |     |        | sub_ln38_30  | sub | fabric | 0       |
|    grp_fu_581_p2                        |     |        | col_4        | add | fabric | 0       |
|  + shift_register                       | 0   |        |              |     |        |         |
|   + sobelConvolve                       | 0   |        |              |     |        |         |
|     tmp_fu_160_p2                       |     |        | tmp          | sub | fabric | 0       |
|     sub_ln38_fu_178_p2                  |     |        | sub_ln38     | sub | fabric | 0       |
|     sub_ln38_1_fu_188_p2                |     |        | sub_ln38_1   | sub | fabric | 0       |
|     tmp83_fu_318_p2                     |     |        | tmp83        | sub | fabric | 0       |
|     sub_ln38_2_fu_336_p2                |     |        | sub_ln38_2   | sub | fabric | 0       |
|     sub_ln38_3_fu_346_p2                |     |        | sub_ln38_3   | sub | fabric | 0       |
|     tmp86_fu_476_p2                     |     |        | tmp86        | sub | fabric | 0       |
|     sub_ln38_4_fu_494_p2                |     |        | sub_ln38_4   | sub | fabric | 0       |
|     sub_ln38_5_fu_504_p2                |     |        | sub_ln38_5   | sub | fabric | 0       |
|     tmp89_fu_634_p2                     |     |        | tmp89        | sub | fabric | 0       |
|     sub_ln38_6_fu_652_p2                |     |        | sub_ln38_6   | sub | fabric | 0       |
|     sub_ln38_7_fu_662_p2                |     |        | sub_ln38_7   | sub | fabric | 0       |
|     tmp92_fu_792_p2                     |     |        | tmp92        | sub | fabric | 0       |
|     sub_ln38_8_fu_810_p2                |     |        | sub_ln38_8   | sub | fabric | 0       |
|     sub_ln38_9_fu_820_p2                |     |        | sub_ln38_9   | sub | fabric | 0       |
|     tmp95_fu_950_p2                     |     |        | tmp95        | sub | fabric | 0       |
|     sub_ln38_10_fu_968_p2               |     |        | sub_ln38_10  | sub | fabric | 0       |
|     sub_ln38_11_fu_978_p2               |     |        | sub_ln38_11  | sub | fabric | 0       |
|     tmp98_fu_1108_p2                    |     |        | tmp98        | sub | fabric | 0       |
|     sub_ln38_12_fu_1126_p2              |     |        | sub_ln38_12  | sub | fabric | 0       |
|     sub_ln38_13_fu_1136_p2              |     |        | sub_ln38_13  | sub | fabric | 0       |
|     tmp101_fu_1266_p2                   |     |        | tmp101       | sub | fabric | 0       |
|     sub_ln38_14_fu_1284_p2              |     |        | sub_ln38_14  | sub | fabric | 0       |
|     sub_ln38_15_fu_1294_p2              |     |        | sub_ln38_15  | sub | fabric | 0       |
+-----------------------------------------+-----+--------+--------------+-----+--------+---------+


================================================================
== Storage Report
================================================================
+-----------------+---------+------+------+------+--------+-------------+------+---------+------------------+
| Name            | Usage   | Type | BRAM | URAM | Pragma | Variable    | Impl | Latency | Bitwidth, Depth, |
|                 |         |      |      |      |        |             |      |         | Banks            |
+-----------------+---------+------+------+------+--------+-------------+------+---------+------------------+
| + conv2d_3x3    |         |      | 30   | 0    |        |             |      |         |                  |
|   linebuf_0_0_U | ram_s2p |      | 5    |      |        | linebuf_0_0 | auto | 1       | 80, 153, 1       |
|   linebuf_1_0_U | ram_s2p |      | 5    |      |        | linebuf_1_0 | auto | 1       | 80, 153, 1       |
|   linebuf_2_0_U | ram_s2p |      | 5    |      |        | linebuf_2_0 | auto | 1       | 80, 153, 1       |
|   linebuf_1_1_U | ram_s2p |      | 5    |      |        | linebuf_1_1 | auto | 1       | 80, 153, 1       |
|   linebuf_2_1_U | ram_s2p |      | 5    |      |        | linebuf_2_1 | auto | 1       | 80, 153, 1       |
|   linebuf_0_1_U | ram_s2p |      | 5    |      |        | linebuf_0_1 | auto | 1       | 80, 153, 1       |
+-----------------+---------+------+------+------+--------+-------------+------+---------+------------------+


================================================================
== Pragma Report
================================================================
* Pragmas with Warnings
+---------------+------------------------------------------+------------------------------------------------------------------------------------------------------------------------------------+----------------------------------------------------+
| Type          | Options                                  | Location                                                                                                                           | Messages                                           |
+---------------+------------------------------------------+------------------------------------------------------------------------------------------------------------------------------------+----------------------------------------------------+
| array_reshape | variable=val factor=RESHAPE_FACTOR dim=1 | ../../../Vitis_Libraries/vision/L1/include/common/xf_video_mem.hpp:759 in linebuffer<rows, cols, t, mem_type, reshape_factor>, val | 'factor' in '#pragma HLS array_reshape' is ignored |
+---------------+------------------------------------------+------------------------------------------------------------------------------------------------------------------------------------+----------------------------------------------------+

* Valid Pragma Syntax
+-----------------+---------------------------------------+------------------------------------------------------------------------------------------------------------------------------------+
| Type            | Options                               | Location                                                                                                                           |
+-----------------+---------------------------------------+------------------------------------------------------------------------------------------------------------------------------------+
| inline          |                                       | ../../../Vitis_Libraries/vision/L1/include/common/xf_video_mem.hpp:46 in window<rows, cols, t>                                     |
| array_partition | variable=val dim=1 complete           | ../../../Vitis_Libraries/vision/L1/include/common/xf_video_mem.hpp:47 in window<rows, cols, t>, val                                |
| array_partition | variable=val dim=2 complete           | ../../../Vitis_Libraries/vision/L1/include/common/xf_video_mem.hpp:48 in window<rows, cols, t>, val                                |
| inline          |                                       | ../../../Vitis_Libraries/vision/L1/include/common/xf_video_mem.hpp:112 in shift_pixels_left                                        |
| unroll          |                                       | ../../../Vitis_Libraries/vision/L1/include/common/xf_video_mem.hpp:124 in shift_pixels_left                                        |
| unroll          |                                       | ../../../Vitis_Libraries/vision/L1/include/common/xf_video_mem.hpp:128 in shift_pixels_left                                        |
| inline          |                                       | ../../../Vitis_Libraries/vision/L1/include/common/xf_video_mem.hpp:156 in shift_pixels_right                                       |
| unroll          |                                       | ../../../Vitis_Libraries/vision/L1/include/common/xf_video_mem.hpp:168 in shift_pixels_right                                       |
| unroll          |                                       | ../../../Vitis_Libraries/vision/L1/include/common/xf_video_mem.hpp:172 in shift_pixels_right                                       |
| inline          |                                       | ../../../Vitis_Libraries/vision/L1/include/common/xf_video_mem.hpp:200 in shift_pixels_up                                          |
| unroll          |                                       | ../../../Vitis_Libraries/vision/L1/include/common/xf_video_mem.hpp:212 in shift_pixels_up                                          |
| unroll          |                                       | ../../../Vitis_Libraries/vision/L1/include/common/xf_video_mem.hpp:216 in shift_pixels_up                                          |
| inline          |                                       | ../../../Vitis_Libraries/vision/L1/include/common/xf_video_mem.hpp:244 in shift_pixels_down                                        |
| unroll          |                                       | ../../../Vitis_Libraries/vision/L1/include/common/xf_video_mem.hpp:256 in shift_pixels_down                                        |
| unroll          |                                       | ../../../Vitis_Libraries/vision/L1/include/common/xf_video_mem.hpp:260 in shift_pixels_down                                        |
| inline          |                                       | ../../../Vitis_Libraries/vision/L1/include/common/xf_video_mem.hpp:287 in insert_pixel                                             |
| inline          |                                       | ../../../Vitis_Libraries/vision/L1/include/common/xf_video_mem.hpp:320 in insert_row                                               |
| unroll          |                                       | ../../../Vitis_Libraries/vision/L1/include/common/xf_video_mem.hpp:332 in insert_row                                               |
| inline          |                                       | ../../../Vitis_Libraries/vision/L1/include/common/xf_video_mem.hpp:359 in insert_top_row                                           |
| inline          |                                       | ../../../Vitis_Libraries/vision/L1/include/common/xf_video_mem.hpp:392 in insert_bottom_row                                        |
| inline          |                                       | ../../../Vitis_Libraries/vision/L1/include/common/xf_video_mem.hpp:425 in insert_col                                               |
| unroll          |                                       | ../../../Vitis_Libraries/vision/L1/include/common/xf_video_mem.hpp:437 in insert_col                                               |
| inline          |                                       | ../../../Vitis_Libraries/vision/L1/include/common/xf_video_mem.hpp:464 in insert_left_col                                          |
| inline          |                                       | ../../../Vitis_Libraries/vision/L1/include/common/xf_video_mem.hpp:497 in insert_right_col                                         |
| inline          |                                       | ../../../Vitis_Libraries/vision/L1/include/common/xf_video_mem.hpp:530 in getval                                                   |
| inline          |                                       | ../../../Vitis_Libraries/vision/L1/include/common/xf_video_mem.hpp:542 in operator()                                               |
| inline          |                                       | ../../../Vitis_Libraries/vision/L1/include/common/xf_video_mem.hpp:579 in shift_left                                               |
| inline          |                                       | ../../../Vitis_Libraries/vision/L1/include/common/xf_video_mem.hpp:592 in shift_right                                              |
| inline          |                                       | ../../../Vitis_Libraries/vision/L1/include/common/xf_video_mem.hpp:605 in shift_up                                                 |
| inline          |                                       | ../../../Vitis_Libraries/vision/L1/include/common/xf_video_mem.hpp:618 in shift_down                                               |
| inline          |                                       | ../../../Vitis_Libraries/vision/L1/include/common/xf_video_mem.hpp:631 in insert                                                   |
| inline          |                                       | ../../../Vitis_Libraries/vision/L1/include/common/xf_video_mem.hpp:644 in insert_top                                               |
| inline          |                                       | ../../../Vitis_Libraries/vision/L1/include/common/xf_video_mem.hpp:657 in insert_bottom                                            |
| inline          |                                       | ../../../Vitis_Libraries/vision/L1/include/common/xf_video_mem.hpp:670 in insert_left                                              |
| inline          |                                       | ../../../Vitis_Libraries/vision/L1/include/common/xf_video_mem.hpp:683 in insert_right                                             |
| inline          |                                       | ../../../Vitis_Libraries/vision/L1/include/common/xf_video_mem.hpp:700 in linebuffer<rows, cols, t, mem_type, reshape_factor>      |
| dependence      | variable=val inter false              | ../../../Vitis_Libraries/vision/L1/include/common/xf_video_mem.hpp:701 in linebuffer<rows, cols, t, mem_type, reshape_factor>, val |
| dependence      | variable=val intra false              | ../../../Vitis_Libraries/vision/L1/include/common/xf_video_mem.hpp:702 in linebuffer<rows, cols, t, mem_type, reshape_factor>, val |
| bind_storage    | variable=val type=RAM_1P impl=BRAM    | ../../../Vitis_Libraries/vision/L1/include/common/xf_video_mem.hpp:711 in linebuffer<rows, cols, t, mem_type, reshape_factor>, val |
| bind_storage    | variable=val type=RAM_1P impl=URAM    | ../../../Vitis_Libraries/vision/L1/include/common/xf_video_mem.hpp:716 in linebuffer<rows, cols, t, mem_type, reshape_factor>, val |
| bind_storage    | variable=val type=RAM_2P impl=BRAM    | ../../../Vitis_Libraries/vision/L1/include/common/xf_video_mem.hpp:721 in linebuffer<rows, cols, t, mem_type, reshape_factor>, val |
| bind_storage    | variable=val type=RAM_2P impl=URAM    | ../../../Vitis_Libraries/vision/L1/include/common/xf_video_mem.hpp:726 in linebuffer<rows, cols, t, mem_type, reshape_factor>, val |
| bind_storage    | variable=val type=RAM_S2P impl=BRAM   | ../../../Vitis_Libraries/vision/L1/include/common/xf_video_mem.hpp:731 in linebuffer<rows, cols, t, mem_type, reshape_factor>, val |
| bind_storage    | variable=val type=RAM_S2P impl=URAM   | ../../../Vitis_Libraries/vision/L1/include/common/xf_video_mem.hpp:736 in linebuffer<rows, cols, t, mem_type, reshape_factor>, val |
| bind_storage    | variable=val type=RAM_T2P impl=BRAM   | ../../../Vitis_Libraries/vision/L1/include/common/xf_video_mem.hpp:741 in linebuffer<rows, cols, t, mem_type, reshape_factor>, val |
| bind_storage    | variable=val type=RAM_T2P impl=URAM   | ../../../Vitis_Libraries/vision/L1/include/common/xf_video_mem.hpp:746 in linebuffer<rows, cols, t, mem_type, reshape_factor>, val |
| array_partition | variable=val complete dim=1           | ../../../Vitis_Libraries/vision/L1/include/common/xf_video_mem.hpp:755 in linebuffer<rows, cols, t, mem_type, reshape_factor>, val |
| inline          |                                       | ../../../Vitis_Libraries/vision/L1/include/common/xf_video_mem.hpp:813 in shift_pixels_down                                        |
| unroll          |                                       | ../../../Vitis_Libraries/vision/L1/include/common/xf_video_mem.hpp:826 in shift_pixels_down                                        |
| inline          |                                       | ../../../Vitis_Libraries/vision/L1/include/common/xf_video_mem.hpp:856 in shift_pixels_up                                          |
| unroll          |                                       | ../../../Vitis_Libraries/vision/L1/include/common/xf_video_mem.hpp:869 in shift_pixels_up                                          |
| inline          |                                       | ../../../Vitis_Libraries/vision/L1/include/common/xf_video_mem.hpp:898 in insert_bottom_row                                        |
| inline          |                                       | ../../../Vitis_Libraries/vision/L1/include/common/xf_video_mem.hpp:931 in insert_top_row                                           |
| inline          |                                       | ../../../Vitis_Libraries/vision/L1/include/common/xf_video_mem.hpp:964 in get_col                                                  |
| unroll          |                                       | ../../../Vitis_Libraries/vision/L1/include/common/xf_video_mem.hpp:970 in get_col                                                  |
| inline          |                                       | ../../../Vitis_Libraries/vision/L1/include/common/xf_video_mem.hpp:981 in getval                                                   |
| inline          |                                       | ../../../Vitis_Libraries/vision/L1/include/common/xf_video_mem.hpp:992 in operator()                                               |
| inline          |                                       | ../../../Vitis_Libraries/vision/L1/include/common/xf_video_mem.hpp:1004 in shift_down                                              |
| inline          |                                       | ../../../Vitis_Libraries/vision/L1/include/common/xf_video_mem.hpp:1016 in shift_up                                                |
| inline          |                                       | ../../../Vitis_Libraries/vision/L1/include/common/xf_video_mem.hpp:1028 in insert_bottom                                           |
| inline          |                                       | ../../../Vitis_Libraries/vision/L1/include/common/xf_video_mem.hpp:1040 in insert_top                                              |
| array_partition | variable=kernel complete dim=0        | ../conv2d_hls.cpp:26 in sobelconvolve, kernel                                                                                      |
| unroll          |                                       | ../conv2d_hls.cpp:34 in sobelconvolve                                                                                              |
| unroll          |                                       | ../conv2d_hls.cpp:37 in sobelconvolve                                                                                              |
| array_partition | variable=window complete dim=0        | ../conv2d_hls.cpp:52 in shift_register, window                                                                                     |
| array_partition | variable=window_adjust complete dim=0 | ../conv2d_hls.cpp:53 in shift_register, window_adjust                                                                              |
| unroll          |                                       | ../conv2d_hls.cpp:87 in shift_register                                                                                             |
| unroll          |                                       | ../conv2d_hls.cpp:93 in shift_register                                                                                             |
| unroll          |                                       | ../conv2d_hls.cpp:96 in shift_register                                                                                             |
| unroll          |                                       | ../conv2d_hls.cpp:110 in shift_register                                                                                            |
| unroll          |                                       | ../conv2d_hls.cpp:113 in shift_register                                                                                            |
| interface       | axis port=input                       | ../conv2d_hls.cpp:128 in conv2d_3x3, input                                                                                         |
| interface       | axis port=output                      | ../conv2d_hls.cpp:129 in conv2d_3x3, output                                                                                        |
| interface       | ap_ctrl_none port=return              | ../conv2d_hls.cpp:130 in conv2d_3x3, return                                                                                        |
| pipeline        |                                       | ../conv2d_hls.cpp:135 in conv2d_3x3                                                                                                |
| pipeline        | II = 1                                | ../conv2d_hls.cpp:137 in conv2d_3x3                                                                                                |
+-----------------+---------------------------------------+------------------------------------------------------------------------------------------------------------------------------------+

* Inferred Pragmas
+--------------------------------+-----------------+---------------------------------------+--------------------------------+
| Source Pragma                  | Inferred Pragma | Options                               | Location                       |
+--------------------------------+-----------------+---------------------------------------+--------------------------------+
| pipeline ../conv2d_hls.cpp:137 | array_partition | dim=1 type=complete  variable=linebuf | variable linebuf in conv2d_3x3 |
+--------------------------------+-----------------+---------------------------------------+--------------------------------+


